This is pdfTeX, Version 3.141592653-2.6-1.40.24 (TeX Live 2022) (preloaded format=pdflatex)
 restricted \write18 enabled.
entering extended mode
(./presentation.tex
LaTeX2e <2021-11-15> patch level 1
L3 programming layer <2022-02-24>
(/usr/local/texlive/2022/texmf-dist/tex/latex/beamer/beamer.cls
Document Class: beamer 2022/02/08 v3.66 A class for typesetting presentations
(/usr/local/texlive/2022/texmf-dist/tex/latex/beamer/beamerbasemodes.sty
(/usr/local/texlive/2022/texmf-dist/tex/latex/etoolbox/etoolbox.sty)
(/usr/local/texlive/2022/texmf-dist/tex/latex/beamer/beamerbasedecode.sty))
(/usr/local/texlive/2022/texmf-dist/tex/generic/iftex/iftex.sty)
(/usr/local/texlive/2022/texmf-dist/tex/latex/beamer/beamerbaseoptions.sty
(/usr/local/texlive/2022/texmf-dist/tex/latex/graphics/keyval.sty))
(/usr/local/texlive/2022/texmf-dist/tex/latex/geometry/geometry.sty
(/usr/local/texlive/2022/texmf-dist/tex/generic/iftex/ifvtex.sty))
(/usr/local/texlive/2022/texmf-dist/tex/latex/pgf/math/pgfmath.sty
(/usr/local/texlive/2022/texmf-dist/tex/latex/pgf/utilities/pgfrcs.sty
(/usr/local/texlive/2022/texmf-dist/tex/generic/pgf/utilities/pgfutil-common.te
x
(/usr/local/texlive/2022/texmf-dist/tex/generic/pgf/utilities/pgfutil-common-li
sts.tex))
(/usr/local/texlive/2022/texmf-dist/tex/generic/pgf/utilities/pgfutil-latex.def
) (/usr/local/texlive/2022/texmf-dist/tex/generic/pgf/utilities/pgfrcs.code.tex
(/usr/local/texlive/2022/texmf-dist/tex/generic/pgf/pgf.revision.tex)))
(/usr/local/texlive/2022/texmf-dist/tex/latex/pgf/utilities/pgfkeys.sty
(/usr/local/texlive/2022/texmf-dist/tex/generic/pgf/utilities/pgfkeys.code.tex
(/usr/local/texlive/2022/texmf-dist/tex/generic/pgf/utilities/pgfkeysfiltered.c
ode.tex)))
(/usr/local/texlive/2022/texmf-dist/tex/generic/pgf/math/pgfmath.code.tex
(/usr/local/texlive/2022/texmf-dist/tex/generic/pgf/math/pgfmathcalc.code.tex
(/usr/local/texlive/2022/texmf-dist/tex/generic/pgf/math/pgfmathutil.code.tex)
(/usr/local/texlive/2022/texmf-dist/tex/generic/pgf/math/pgfmathparser.code.tex
)
(/usr/local/texlive/2022/texmf-dist/tex/generic/pgf/math/pgfmathfunctions.code.
tex
(/usr/local/texlive/2022/texmf-dist/tex/generic/pgf/math/pgfmathfunctions.basic
.code.tex)
(/usr/local/texlive/2022/texmf-dist/tex/generic/pgf/math/pgfmathfunctions.trigo
nometric.code.tex)
(/usr/local/texlive/2022/texmf-dist/tex/generic/pgf/math/pgfmathfunctions.rando
m.code.tex)
(/usr/local/texlive/2022/texmf-dist/tex/generic/pgf/math/pgfmathfunctions.compa
rison.code.tex)
(/usr/local/texlive/2022/texmf-dist/tex/generic/pgf/math/pgfmathfunctions.base.
code.tex)
(/usr/local/texlive/2022/texmf-dist/tex/generic/pgf/math/pgfmathfunctions.round
.code.tex)
(/usr/local/texlive/2022/texmf-dist/tex/generic/pgf/math/pgfmathfunctions.misc.
code.tex)
(/usr/local/texlive/2022/texmf-dist/tex/generic/pgf/math/pgfmathfunctions.integ
erarithmetics.code.tex)))
(/usr/local/texlive/2022/texmf-dist/tex/generic/pgf/math/pgfmathfloat.code.tex)
))

Class beamer Warning: ``professionalfont'' option is obsolete. Use font theme `
`professionalfonts'' instead on input line 357.

(/usr/local/texlive/2022/texmf-dist/tex/latex/extsizes/size9.clo)
(/usr/local/texlive/2022/texmf-dist/tex/latex/pgf/basiclayer/pgfcore.sty
(/usr/local/texlive/2022/texmf-dist/tex/latex/graphics/graphicx.sty
(/usr/local/texlive/2022/texmf-dist/tex/latex/graphics/graphics.sty
(/usr/local/texlive/2022/texmf-dist/tex/latex/graphics/trig.sty)
(/usr/local/texlive/2022/texmf-dist/tex/latex/graphics-cfg/graphics.cfg)
(/usr/local/texlive/2022/texmf-dist/tex/latex/graphics-def/pdftex.def)))
(/usr/local/texlive/2022/texmf-dist/tex/latex/pgf/systemlayer/pgfsys.sty
(/usr/local/texlive/2022/texmf-dist/tex/generic/pgf/systemlayer/pgfsys.code.tex
(/usr/local/texlive/2022/texmf-dist/tex/generic/pgf/utilities/pgfkeys.code.tex)
(/usr/local/texlive/2022/texmf-dist/tex/generic/pgf/systemlayer/pgf.cfg)
(/usr/local/texlive/2022/texmf-dist/tex/generic/pgf/systemlayer/pgfsys-pdftex.d
ef
(/usr/local/texlive/2022/texmf-dist/tex/generic/pgf/systemlayer/pgfsys-common-p
df.def)))
(/usr/local/texlive/2022/texmf-dist/tex/generic/pgf/systemlayer/pgfsyssoftpath.
code.tex)
(/usr/local/texlive/2022/texmf-dist/tex/generic/pgf/systemlayer/pgfsysprotocol.
code.tex)) (/usr/local/texlive/2022/texmf-dist/tex/latex/xcolor/xcolor.sty
(/usr/local/texlive/2022/texmf-dist/tex/latex/graphics-cfg/color.cfg))
(/usr/local/texlive/2022/texmf-dist/tex/generic/pgf/basiclayer/pgfcore.code.tex
(/usr/local/texlive/2022/texmf-dist/tex/generic/pgf/math/pgfmath.code.tex)
(/usr/local/texlive/2022/texmf-dist/tex/generic/pgf/math/pgfint.code.tex)
(/usr/local/texlive/2022/texmf-dist/tex/generic/pgf/basiclayer/pgfcorepoints.co
de.tex)
(/usr/local/texlive/2022/texmf-dist/tex/generic/pgf/basiclayer/pgfcorepathconst
ruct.code.tex)
(/usr/local/texlive/2022/texmf-dist/tex/generic/pgf/basiclayer/pgfcorepathusage
.code.tex)
(/usr/local/texlive/2022/texmf-dist/tex/generic/pgf/basiclayer/pgfcorescopes.co
de.tex)
(/usr/local/texlive/2022/texmf-dist/tex/generic/pgf/basiclayer/pgfcoregraphicst
ate.code.tex)
(/usr/local/texlive/2022/texmf-dist/tex/generic/pgf/basiclayer/pgfcoretransform
ations.code.tex)
(/usr/local/texlive/2022/texmf-dist/tex/generic/pgf/basiclayer/pgfcorequick.cod
e.tex)
(/usr/local/texlive/2022/texmf-dist/tex/generic/pgf/basiclayer/pgfcoreobjects.c
ode.tex)
(/usr/local/texlive/2022/texmf-dist/tex/generic/pgf/basiclayer/pgfcorepathproce
ssing.code.tex)
(/usr/local/texlive/2022/texmf-dist/tex/generic/pgf/basiclayer/pgfcorearrows.co
de.tex)
(/usr/local/texlive/2022/texmf-dist/tex/generic/pgf/basiclayer/pgfcoreshade.cod
e.tex)
(/usr/local/texlive/2022/texmf-dist/tex/generic/pgf/basiclayer/pgfcoreimage.cod
e.tex
(/usr/local/texlive/2022/texmf-dist/tex/generic/pgf/basiclayer/pgfcoreexternal.
code.tex))
(/usr/local/texlive/2022/texmf-dist/tex/generic/pgf/basiclayer/pgfcorelayers.co
de.tex)
(/usr/local/texlive/2022/texmf-dist/tex/generic/pgf/basiclayer/pgfcoretranspare
ncy.code.tex)
(/usr/local/texlive/2022/texmf-dist/tex/generic/pgf/basiclayer/pgfcorepatterns.
code.tex)
(/usr/local/texlive/2022/texmf-dist/tex/generic/pgf/basiclayer/pgfcorerdf.code.
tex))) (/usr/local/texlive/2022/texmf-dist/tex/latex/pgf/utilities/xxcolor.sty)
 (/usr/local/texlive/2022/texmf-dist/tex/latex/base/atbegshi-ltx.sty)
(/usr/local/texlive/2022/texmf-dist/tex/latex/hyperref/hyperref.sty
(/usr/local/texlive/2022/texmf-dist/tex/generic/ltxcmds/ltxcmds.sty)
(/usr/local/texlive/2022/texmf-dist/tex/generic/pdftexcmds/pdftexcmds.sty
(/usr/local/texlive/2022/texmf-dist/tex/generic/infwarerr/infwarerr.sty))
(/usr/local/texlive/2022/texmf-dist/tex/generic/kvsetkeys/kvsetkeys.sty)
(/usr/local/texlive/2022/texmf-dist/tex/generic/kvdefinekeys/kvdefinekeys.sty)
(/usr/local/texlive/2022/texmf-dist/tex/generic/pdfescape/pdfescape.sty)
(/usr/local/texlive/2022/texmf-dist/tex/latex/hycolor/hycolor.sty)
(/usr/local/texlive/2022/texmf-dist/tex/latex/letltxmacro/letltxmacro.sty)
(/usr/local/texlive/2022/texmf-dist/tex/latex/auxhook/auxhook.sty)
(/usr/local/texlive/2022/texmf-dist/tex/latex/kvoptions/kvoptions.sty)
(/usr/local/texlive/2022/texmf-dist/tex/latex/hyperref/pd1enc.def)
(/usr/local/texlive/2022/texmf-dist/tex/generic/intcalc/intcalc.sty)
(/usr/local/texlive/2022/texmf-dist/tex/generic/etexcmds/etexcmds.sty)
(/usr/local/texlive/2022/texmf-dist/tex/latex/hyperref/puenc.def)
(/usr/local/texlive/2022/texmf-dist/tex/latex/url/url.sty)
(/usr/local/texlive/2022/texmf-dist/tex/generic/bitset/bitset.sty
(/usr/local/texlive/2022/texmf-dist/tex/generic/bigintcalc/bigintcalc.sty))

Package hyperref Message: Stopped early.

) (/usr/local/texlive/2022/texmf-dist/tex/latex/hyperref/hpdftex.def
(/usr/local/texlive/2022/texmf-dist/tex/latex/base/atveryend-ltx.sty)
(/usr/local/texlive/2022/texmf-dist/tex/latex/rerunfilecheck/rerunfilecheck.sty

(/usr/local/texlive/2022/texmf-dist/tex/generic/uniquecounter/uniquecounter.sty
))) (/usr/local/texlive/2022/texmf-dist/tex/latex/beamer/beamerbaserequires.sty

(/usr/local/texlive/2022/texmf-dist/tex/latex/beamer/beamerbasecompatibility.st
y) (/usr/local/texlive/2022/texmf-dist/tex/latex/beamer/beamerbasefont.sty
(/usr/local/texlive/2022/texmf-dist/tex/latex/amsfonts/amssymb.sty
(/usr/local/texlive/2022/texmf-dist/tex/latex/amsfonts/amsfonts.sty))
(/usr/local/texlive/2022/texmf-dist/tex/latex/sansmathaccent/sansmathaccent.sty
(/usr/local/texlive/2022/texmf-dist/tex/latex/koma-script/scrlfile.sty
(/usr/local/texlive/2022/texmf-dist/tex/latex/koma-script/scrlfile-hook.sty
(/usr/local/texlive/2022/texmf-dist/tex/latex/koma-script/scrlogo.sty)))))
(/usr/local/texlive/2022/texmf-dist/tex/latex/beamer/beamerbasetranslator.sty
(/usr/local/texlive/2022/texmf-dist/tex/latex/translator/translator.sty))
(/usr/local/texlive/2022/texmf-dist/tex/latex/beamer/beamerbasemisc.sty)
(/usr/local/texlive/2022/texmf-dist/tex/latex/beamer/beamerbasetwoscreens.sty)
(/usr/local/texlive/2022/texmf-dist/tex/latex/beamer/beamerbaseoverlay.sty)
(/usr/local/texlive/2022/texmf-dist/tex/latex/beamer/beamerbasetitle.sty)
(/usr/local/texlive/2022/texmf-dist/tex/latex/beamer/beamerbasesection.sty)
(/usr/local/texlive/2022/texmf-dist/tex/latex/beamer/beamerbaseframe.sty)
(/usr/local/texlive/2022/texmf-dist/tex/latex/beamer/beamerbaseverbatim.sty)
(/usr/local/texlive/2022/texmf-dist/tex/latex/beamer/beamerbaseframesize.sty)
(/usr/local/texlive/2022/texmf-dist/tex/latex/beamer/beamerbaseframecomponents.
sty) (/usr/local/texlive/2022/texmf-dist/tex/latex/beamer/beamerbasecolor.sty)
(/usr/local/texlive/2022/texmf-dist/tex/latex/beamer/beamerbasenotes.sty)
(/usr/local/texlive/2022/texmf-dist/tex/latex/beamer/beamerbasetoc.sty)
(/usr/local/texlive/2022/texmf-dist/tex/latex/beamer/beamerbasetemplates.sty
(/usr/local/texlive/2022/texmf-dist/tex/latex/beamer/beamerbaseauxtemplates.sty
(/usr/local/texlive/2022/texmf-dist/tex/latex/beamer/beamerbaseboxes.sty)))
(/usr/local/texlive/2022/texmf-dist/tex/latex/beamer/beamerbaselocalstructure.s
ty (/usr/local/texlive/2022/texmf-dist/tex/latex/tools/enumerate.sty))
(/usr/local/texlive/2022/texmf-dist/tex/latex/beamer/beamerbasenavigation.sty)
(/usr/local/texlive/2022/texmf-dist/tex/latex/beamer/beamerbasetheorems.sty
(/usr/local/texlive/2022/texmf-dist/tex/latex/amsmath/amsmath.sty
For additional information on amsmath, use the `?' option.
(/usr/local/texlive/2022/texmf-dist/tex/latex/amsmath/amstext.sty
(/usr/local/texlive/2022/texmf-dist/tex/latex/amsmath/amsgen.sty))
(/usr/local/texlive/2022/texmf-dist/tex/latex/amsmath/amsbsy.sty)
(/usr/local/texlive/2022/texmf-dist/tex/latex/amsmath/amsopn.sty))
(/usr/local/texlive/2022/texmf-dist/tex/latex/amscls/amsthm.sty))
(/usr/local/texlive/2022/texmf-dist/tex/latex/beamer/beamerbasethemes.sty))
(/usr/local/texlive/2022/texmf-dist/tex/latex/beamer/beamerthemedefault.sty
(/usr/local/texlive/2022/texmf-dist/tex/latex/beamer/beamerfontthemedefault.sty
)
(/usr/local/texlive/2022/texmf-dist/tex/latex/beamer/beamercolorthemedefault.st
y)
(/usr/local/texlive/2022/texmf-dist/tex/latex/beamer/beamerinnerthemedefault.st
y)
(/usr/local/texlive/2022/texmf-dist/tex/latex/beamer/beamerouterthemedefault.st
y))) (/usr/local/texlive/2022/texmf-dist/tex/latex/mathtools/empheq.sty
(/usr/local/texlive/2022/texmf-dist/tex/latex/mathtools/mhsetup.sty)
(/usr/local/texlive/2022/texmf-dist/tex/latex/mathtools/mathtools.sty
(/usr/local/texlive/2022/texmf-dist/tex/latex/tools/calc.sty)))
(/usr/local/texlive/2022/texmf-dist/tex/latex/l3packages/xparse/xparse.sty
(/usr/local/texlive/2022/texmf-dist/tex/latex/l3kernel/expl3.sty
(/usr/local/texlive/2022/texmf-dist/tex/latex/l3backend/l3backend-pdftex.def)))
 (/usr/local/texlive/2022/texmf-dist/tex/latex/adjustbox/adjustbox.sty
(/usr/local/texlive/2022/texmf-dist/tex/latex/xkeyval/xkeyval.sty
(/usr/local/texlive/2022/texmf-dist/tex/generic/xkeyval/xkeyval.tex
(/usr/local/texlive/2022/texmf-dist/tex/generic/xkeyval/xkvutils.tex)))
(/usr/local/texlive/2022/texmf-dist/tex/latex/adjustbox/adjcalc.sty)
(/usr/local/texlive/2022/texmf-dist/tex/latex/adjustbox/trimclip.sty
(/usr/local/texlive/2022/texmf-dist/tex/latex/collectbox/collectbox.sty)
(/usr/local/texlive/2022/texmf-dist/tex/latex/adjustbox/tc-pdftex.def))
(/usr/local/texlive/2022/texmf-dist/tex/latex/ifoddpage/ifoddpage.sty)
(/usr/local/texlive/2022/texmf-dist/tex/latex/varwidth/varwidth.sty))
(/usr/local/texlive/2022/texmf-dist/tex/latex/tabulary/tabulary.sty
(/usr/local/texlive/2022/texmf-dist/tex/latex/tools/array.sty))
(/usr/local/texlive/2022/texmf-dist/tex/latex/tools/hhline.sty)
(/usr/local/texlive/2022/texmf-dist/tex/latex/relsize/relsize.sty)
(/usr/local/texlive/2022/texmf-dist/tex/latex/framed/framed.sty)
(/usr/local/texlive/2022/texmf-dist/tex/latex/hf-tikz/hf-tikz.sty
(/usr/local/texlive/2022/texmf-dist/tex/latex/pgf/frontendlayer/tikz.sty
(/usr/local/texlive/2022/texmf-dist/tex/latex/pgf/basiclayer/pgf.sty
(/usr/local/texlive/2022/texmf-dist/tex/generic/pgf/modules/pgfmoduleshapes.cod
e.tex)
(/usr/local/texlive/2022/texmf-dist/tex/generic/pgf/modules/pgfmoduleplot.code.
tex)
(/usr/local/texlive/2022/texmf-dist/tex/latex/pgf/compatibility/pgfcomp-version
-0-65.sty)
(/usr/local/texlive/2022/texmf-dist/tex/latex/pgf/compatibility/pgfcomp-version
-1-18.sty))
(/usr/local/texlive/2022/texmf-dist/tex/latex/pgf/utilities/pgffor.sty
(/usr/local/texlive/2022/texmf-dist/tex/generic/pgf/utilities/pgffor.code.tex
(/usr/local/texlive/2022/texmf-dist/tex/generic/pgf/math/pgfmath.code.tex)))
(/usr/local/texlive/2022/texmf-dist/tex/generic/pgf/frontendlayer/tikz/tikz.cod
e.tex
(/usr/local/texlive/2022/texmf-dist/tex/generic/pgf/libraries/pgflibraryplothan
dlers.code.tex)
(/usr/local/texlive/2022/texmf-dist/tex/generic/pgf/modules/pgfmodulematrix.cod
e.tex)
(/usr/local/texlive/2022/texmf-dist/tex/generic/pgf/frontendlayer/tikz/librarie
s/tikzlibrarytopaths.code.tex)))
(/usr/local/texlive/2022/texmf-dist/tex/generic/pgf/frontendlayer/tikz/librarie
s/tikzlibraryshadings.code.tex
(/usr/local/texlive/2022/texmf-dist/tex/generic/pgf/libraries/pgflibraryshading
s.code.tex)))
(/usr/local/texlive/2022/texmf-dist/tex/latex/multirow/multirow.sty)
(/usr/local/texlive/2022/texmf-dist/tex/latex/biblatex/biblatex.sty
(/usr/local/texlive/2022/texmf-dist/tex/latex/logreq/logreq.sty
(/usr/local/texlive/2022/texmf-dist/tex/latex/logreq/logreq.def))
(/usr/local/texlive/2022/texmf-dist/tex/latex/base/ifthen.sty)
(/usr/local/texlive/2022/texmf-dist/tex/latex/biblatex/blx-dm.def)
(/usr/local/texlive/2022/texmf-dist/tex/latex/biblatex/blx-compat.def)
(/usr/local/texlive/2022/texmf-dist/tex/latex/biblatex/biblatex.def)
(/usr/local/texlive/2022/texmf-dist/tex/latex/biblatex/bbx/authoryear.bbx
(/usr/local/texlive/2022/texmf-dist/tex/latex/biblatex/bbx/standard.bbx))
(/usr/local/texlive/2022/texmf-dist/tex/latex/biblatex/cbx/authoryear.cbx)
(/usr/local/texlive/2022/texmf-dist/tex/latex/biblatex/biblatex.cfg)
(/usr/local/texlive/2022/texmf-dist/tex/latex/biblatex/blx-case-expl3.sty))
(/usr/local/texlive/2022/texmf-dist/tex/latex/tools/bm.sty)
(/usr/local/texlive/2022/texmf-dist/tex/latex/changepage/changepage.sty)
(/usr/local/texlive/2022/texmf-dist/tex/latex/base/fontenc.sty)
(/usr/local/texlive/2022/texmf-dist/tex/latex/concmath/concmath.sty)
(/usr/local/texlive/2022/texmf-dist/tex/latex/jknapltx/mathrsfs.sty)
(/usr/local/texlive/2022/texmf-dist/tex/latex/easy/easytable.sty
Document Style `easytable' v1.0 <2001/06/13>.
(/usr/local/texlive/2022/texmf-dist/tex/latex/easy/easy.sty
Document Style `easy' v1.1 <2001/05/31>.
)) (/usr/local/texlive/2022/texmf-dist/tex/generic/xypic/xy.sty
(/usr/local/texlive/2022/texmf-dist/tex/generic/xypic/xy.tex Bootstrap'ing:
catcodes, docmode,
(/usr/local/texlive/2022/texmf-dist/tex/generic/xypic/xyrecat.tex)
(/usr/local/texlive/2022/texmf-dist/tex/generic/xypic/xyidioms.tex)

 Xy-pic version 3.8.9 <2013/10/06>
 Copyright (c) 1991-2013 by Kristoffer H. Rose <krisrose@tug.org> and others
 Xy-pic is free software: see the User's Guide for details.

Loading kernel: messages; fonts; allocations: state, direction,
utility macros; pictures: \xy, positions, objects, decorations;
kernel objects: directionals, circles, text; options; algorithms: directions,
edges, connections;  Xy-pic loaded)
(/usr/local/texlive/2022/texmf-dist/tex/generic/iftex/ifpdf.sty)
(/usr/local/texlive/2022/texmf-dist/tex/generic/xypic/xypdf.tex
 Xy-pic option: PDF driver v.1.7 loaded))
(/usr/local/texlive/2022/texmf-dist/tex/latex/wrapfig/wrapfig.sty)
(/usr/local/texlive/2022/texmf-dist/tex/latex/pgfplots/pgfplots.sty
(/usr/local/texlive/2022/texmf-dist/tex/generic/pgfplots/pgfplots.revision.tex)
(/usr/local/texlive/2022/texmf-dist/tex/generic/pgfplots/pgfplots.code.tex
(/usr/local/texlive/2022/texmf-dist/tex/generic/pgfplots/pgfplotscore.code.tex
(/usr/local/texlive/2022/texmf-dist/tex/generic/pgfplots/sys/pgfplotssysgeneric
.code.tex))
(/usr/local/texlive/2022/texmf-dist/tex/generic/pgfplots/libs/pgfplotslibrary.c
ode.tex)
(/usr/local/texlive/2022/texmf-dist/tex/generic/pgfplots/oldpgfcompatib/pgfplot
soldpgfsupp_loader.code.tex
(/usr/local/texlive/2022/texmf-dist/tex/generic/pgf/libraries/pgflibraryfpu.cod
e.tex))
(/usr/local/texlive/2022/texmf-dist/tex/generic/pgfplots/util/pgfplotsutil.code
.tex
(/usr/local/texlive/2022/texmf-dist/tex/generic/pgfplots/liststructure/pgfplots
liststructure.code.tex)
(/usr/local/texlive/2022/texmf-dist/tex/generic/pgfplots/liststructure/pgfplots
liststructureext.code.tex)
(/usr/local/texlive/2022/texmf-dist/tex/generic/pgfplots/liststructure/pgfplots
array.code.tex)
(/usr/local/texlive/2022/texmf-dist/tex/generic/pgfplots/liststructure/pgfplots
matrix.code.tex)
(/usr/local/texlive/2022/texmf-dist/tex/generic/pgfplots/numtable/pgfplotstable
shared.code.tex)
(/usr/local/texlive/2022/texmf-dist/tex/generic/pgfplots/liststructure/pgfplots
deque.code.tex)
(/usr/local/texlive/2022/texmf-dist/tex/generic/pgfplots/util/pgfplotsbinary.co
de.tex
(/usr/local/texlive/2022/texmf-dist/tex/generic/pgfplots/util/pgfplotsbinary.da
ta.code.tex))
(/usr/local/texlive/2022/texmf-dist/tex/generic/pgfplots/util/pgfplotsutil.verb
.code.tex)
(/usr/local/texlive/2022/texmf-dist/tex/generic/pgfplots/libs/pgflibrarypgfplot
s.surfshading.code.tex
(/usr/local/texlive/2022/texmf-dist/tex/generic/pgfplots/sys/pgflibrarypgfplots
.surfshading.pgfsys-pdftex.def)))
(/usr/local/texlive/2022/texmf-dist/tex/generic/pgfplots/util/pgfplotscolormap.
code.tex
(/usr/local/texlive/2022/texmf-dist/tex/generic/pgfplots/util/pgfplotscolor.cod
e.tex))
(/usr/local/texlive/2022/texmf-dist/tex/generic/pgfplots/pgfplotsstackedplots.c
ode.tex)
(/usr/local/texlive/2022/texmf-dist/tex/generic/pgfplots/pgfplotsplothandlers.c
ode.tex
(/usr/local/texlive/2022/texmf-dist/tex/generic/pgfplots/pgfplotsmeshplothandle
r.code.tex
(/usr/local/texlive/2022/texmf-dist/tex/generic/pgfplots/pgfplotsmeshplotimage.
code.tex)))
(/usr/local/texlive/2022/texmf-dist/tex/generic/pgfplots/pgfplots.scaling.code.
tex)
(/usr/local/texlive/2022/texmf-dist/tex/generic/pgfplots/pgfplotscoordprocessin
g.code.tex)
(/usr/local/texlive/2022/texmf-dist/tex/generic/pgfplots/pgfplots.errorbars.cod
e.tex)
(/usr/local/texlive/2022/texmf-dist/tex/generic/pgfplots/pgfplots.markers.code.
tex)
(/usr/local/texlive/2022/texmf-dist/tex/generic/pgfplots/pgfplotsticks.code.tex
)
(/usr/local/texlive/2022/texmf-dist/tex/generic/pgfplots/pgfplots.paths.code.te
x)
(/usr/local/texlive/2022/texmf-dist/tex/generic/pgf/frontendlayer/tikz/librarie
s/tikzlibrarydecorations.code.tex
(/usr/local/texlive/2022/texmf-dist/tex/generic/pgf/modules/pgfmoduledecoration
s.code.tex))
(/usr/local/texlive/2022/texmf-dist/tex/generic/pgf/frontendlayer/tikz/librarie
s/tikzlibrarydecorations.pathmorphing.code.tex
(/usr/local/texlive/2022/texmf-dist/tex/generic/pgf/libraries/decorations/pgfli
brarydecorations.pathmorphing.code.tex))
(/usr/local/texlive/2022/texmf-dist/tex/generic/pgf/frontendlayer/tikz/librarie
s/tikzlibrarydecorations.pathreplacing.code.tex
(/usr/local/texlive/2022/texmf-dist/tex/generic/pgf/libraries/decorations/pgfli
brarydecorations.pathreplacing.code.tex))
(/usr/local/texlive/2022/texmf-dist/tex/generic/pgfplots/libs/tikzlibrarypgfplo
ts.contourlua.code.tex))
(/usr/local/texlive/2022/texmf-dist/tex/generic/pgf/frontendlayer/tikz/librarie
s/tikzlibraryplotmarks.code.tex
(/usr/local/texlive/2022/texmf-dist/tex/generic/pgf/libraries/pgflibraryplotmar
ks.code.tex))) (/usr/local/texlive/2022/texmf-dist/tex/generic/soul/soul.sty)
(/usr/local/texlive/2022/texmf-dist/tex/latex/tools/verbatim.sty)
(/usr/local/texlive/2022/texmf-dist/tex/generic/pgf/frontendlayer/tikz/librarie
s/tikzlibrarymatrix.code.tex)
(/usr/local/texlive/2022/texmf-dist/tex/generic/pgf/frontendlayer/tikz/librarie
s/tikzlibrarypositioning.code.tex)
(/usr/local/texlive/2022/texmf-dist/tex/generic/pgf/frontendlayer/tikz/librarie
s/tikzlibraryarrows.code.tex
(/usr/local/texlive/2022/texmf-dist/tex/generic/pgf/libraries/pgflibraryarrows.
code.tex))
(/usr/local/texlive/2022/texmf-dist/tex/latex/tikzmark/tikzlibrarytikzmark.code
.tex
(/usr/local/texlive/2022/texmf-dist/tex/latex/l3packages/l3keys2e/l3keys2e.sty)
)
(/usr/local/texlive/2022/texmf-dist/tex/generic/pgf/frontendlayer/tikz/librarie
s/tikzlibraryfit.code.tex) (./beamerthememetropolis.sty
(/usr/local/texlive/2022/texmf-dist/tex/latex/pgfopts/pgfopts.sty)
(./beamerinnerthememetropolis.sty) (./beamerouterthememetropolis.sty)
(./beamercolorthememetropolis.sty) (./beamerfontthememetropolis.sty
(/usr/local/texlive/2022/texmf-dist/tex/generic/iftex/ifxetex.sty)
(/usr/local/texlive/2022/texmf-dist/tex/generic/iftex/ifluatex.sty)

Package beamerthememetropolis Warning: You need to compile with XeLaTeX or LuaL
aTeX to use the Fira fonts on input line 94.

))
(/usr/local/texlive/2022/texmf-dist/tex/latex/appendixnumberbeamer/appendixnumb
erbeamer.sty) (/usr/local/texlive/2022/texmf-dist/tex/latex/wasysym/wasysym.sty
) (/usr/local/texlive/2022/texmf-dist/tex/latex/booktabs/booktabs.sty)
(/usr/local/texlive/2022/texmf-dist/tex/latex/lm/lmodern.sty)
(/usr/local/texlive/2022/texmf-dist/tex/latex/tools/xspace.sty)
(/usr/local/texlive/2022/texmf-dist/tex/latex/float/float.sty)
(/usr/local/texlive/2022/texmf-dist/tex/latex/lipsum/lipsum.sty
(/usr/local/texlive/2022/texmf-dist/tex/latex/lipsum/lipsum.ltd.tex))
(/usr/local/texlive/2022/texmf-dist/tex/latex/media9/media9.sty
(/usr/local/texlive/2022/texmf-dist/tex/latex/media9/pdfbase.sty)
(/usr/local/texlive/2022/texmf-dist/tex/latex/ocgx2/ocgbase.sty))
(/usr/local/texlive/2022/texmf-dist/tex/latex/textpos/textpos.sty
Package: textpos 2020/09/26 1.10, absolute positioning of text on the page
Grid set 16 x 16 = 28.45274pt x 16.00467pt
TextBlockOrigin set to 0pt x 0pt
) (/usr/local/texlive/2022/texmf-dist/tex/latex/caption/caption.sty
(/usr/local/texlive/2022/texmf-dist/tex/latex/caption/caption3.sty
(/usr/local/texlive/2022/texmf-dist/tex/latex/caption/caption-beamer.sto)))
(/usr/local/texlive/2022/texmf-dist/tex/latex/beamertheme-metropolis/pgfplotsth
emetol.sty) (/usr/local/texlive/2022/texmf-dist/tex/latex/lm/t1lmss.fd)
(output/presentation.aux)
*geometry* driver: auto-detecting
*geometry* detected driver: pdftex
(/usr/local/texlive/2022/texmf-dist/tex/context/base/mkii/supp-pdf.mkii
[Loading MPS to PDF converter (version 2006.09.02).]
) (/usr/local/texlive/2022/texmf-dist/tex/latex/epstopdf-pkg/epstopdf-base.sty
(/usr/local/texlive/2022/texmf-dist/tex/latex/latexconfig/epstopdf-sys.cfg))
(/usr/local/texlive/2022/texmf-dist/tex/latex/hyperref/nameref.sty
(/usr/local/texlive/2022/texmf-dist/tex/latex/refcount/refcount.sty)
(/usr/local/texlive/2022/texmf-dist/tex/generic/gettitlestring/gettitlestring.s
ty)) (output/presentation.out) (output/presentation.out)
(/usr/local/texlive/2022/texmf-dist/tex/latex/translator/translator-basic-dicti
onary-English.dict)
(/usr/local/texlive/2022/texmf-dist/tex/latex/translator/translator-bibliograph
y-dictionary-English.dict)
(/usr/local/texlive/2022/texmf-dist/tex/latex/translator/translator-environment
-dictionary-English.dict)
(/usr/local/texlive/2022/texmf-dist/tex/latex/translator/translator-months-dict
ionary-English.dict)
(/usr/local/texlive/2022/texmf-dist/tex/latex/translator/translator-numbers-dic
tionary-English.dict)
(/usr/local/texlive/2022/texmf-dist/tex/latex/translator/translator-theorem-dic
tionary-English.dict)
(/usr/local/texlive/2022/texmf-dist/tex/latex/biblatex/lbx/english.lbx)
(output/presentation.bbl)
(/usr/local/texlive/2022/texmf-dist/tex/latex/lm/ot1lmr.fd)
(/usr/local/texlive/2022/texmf-dist/tex/latex/lm/omllmm.fd)
(/usr/local/texlive/2022/texmf-dist/tex/latex/lm/omslmsy.fd)
(/usr/local/texlive/2022/texmf-dist/tex/latex/lm/omxlmex.fd)
(/usr/local/texlive/2022/texmf-dist/tex/latex/amsfonts/umsa.fd)
(/usr/local/texlive/2022/texmf-dist/tex/latex/amsfonts/umsb.fd)
(/usr/local/texlive/2022/texmf-dist/tex/latex/jknapltx/ursfs.fd)
(/usr/local/texlive/2022/texmf-dist/tex/latex/wasysym/uwasy.fd)
Package pgfplots notification 'compat/show suggested version=true': you might b
enefit from \pgfplotsset{compat=1.18} (current compat level: 1.9).

(output/presentation.nav)
Overfull \vbox (18.28288pt too high) detected at line 142
[1{/usr/local/texlive/2022/texmf-var/fonts/map/pdftex/updmap/pdftex.map}]
(./a.1-intro_quickglassy/intro_quickglassy.tex
Overfull \vbox (22.08557pt too high) detected at line 84
[2]
Overfull \vbox (22.98206pt too high) detected at line 84
[3 <./intro_glassy/timerelax_b2o3_4.pdf>]
Overfull \vbox (22.98206pt too high) detected at line 84
[4 <./intro_glassy/softspots_280.png>]
Overfull \vbox (22.98206pt too high) detected at line 84
[5]
Overfull \vbox (22.98206pt too high) detected at line 84
[6 <./intro_glassy/timerelax_poly12_0.pdf>]
Overfull \vbox (22.98206pt too high) detected at line 84
[7 <./intro_glassy/timerelax_poly12_1.pdf>])
(./a.2-intro_dftheory/intro_dftheory.tex
Overfull \vbox (15.47429pt too high) detected at line 51
[8]
Overfull \vbox (15.47429pt too high) detected at line 51
[9 <./a.2-intro_dftheory/DF_Theory_Excitations_Zoom_0.pdf>]
Overfull \vbox (15.47429pt too high) detected at line 51
[10 <./a.2-intro_dftheory/DF_Theory_Excitations_Zoom_1.pdf>]
Overfull \vbox (15.47429pt too high) detected at line 51
[11 <./a.2-intro_dftheory/DF_Theory_Excitations_Zoom_2.pdf>]
Overfull \vbox (15.47429pt too high) detected at line 51
[12 <./a.2-intro_dftheory/facilitation_closer_1.pdf>]
Overfull \vbox (15.47429pt too high) detected at line 51
[13 <./a.2-intro_dftheory/facilitation_closer_2.pdf>])
(./a.3-edf_overview/intermezzo.tex

pdfTeX warning: pdflatex (file ./c.1-kt_msdintro/msd-supercooledliq-5.pdf): PDF
 inclusion: found PDF version <1.6>, but at most version <1.5> allowed

Overfull \vbox (93.47206pt too high) detected at line 54
[14 <./c.1-kt_msdintro/msd-supercooledliq-5.pdf>])
(./b.1-exc_pureshear/exc_pureshear.tex

pdfTeX warning: pdflatex (file ./b.1-exc_pureshear/zoomin-0.pdf): PDF inclusion
: found PDF version <1.6>, but at most version <1.5> allowed


pdfTeX warning: pdflatex (file ./b.1-exc_pureshear/zoomin-1.pdf): PDF inclusion
: found PDF version <1.6>, but at most version <1.5> allowed


pdfTeX warning: pdflatex (file ./b.1-exc_pureshear/zoomin-2.pdf): PDF inclusion
: found PDF version <1.6>, but at most version <1.5> allowed


pdfTeX warning: pdflatex (file ./b.1-exc_pureshear/zoomin-3.pdf): PDF inclusion
: found PDF version <1.6>, but at most version <1.5> allowed


pdfTeX warning: pdflatex (file ./b.1-exc_pureshear/T1transition.pdf): PDF inclu
sion: found PDF version <1.6>, but at most version <1.5> allowed

Overfull \vbox (11.26973pt too high) detected at line 80
[15]
Overfull \vbox (11.26973pt too high) detected at line 80
[16]
Overfull \vbox (11.26973pt too high) detected at line 80
[17 <./b.1-exc_pureshear/zoomout_dispmag.png>]
Overfull \vbox (11.26973pt too high) detected at line 80
[18 <./b.1-exc_pureshear/zoomout_dispvector.png>]
Overfull \vbox (11.26973pt too high) detected at line 80
[19 <./b.1-exc_pureshear/zoomout_dispvector_1.png>]
Overfull \vbox (11.26973pt too high) detected at line 80
[20 <./b.1-exc_pureshear/zoomin-0.pdf>]
Overfull \vbox (11.26973pt too high) detected at line 80
[21 <./b.1-exc_pureshear/zoomin-1.pdf>]
Overfull \vbox (11.26973pt too high) detected at line 80
[22 <./b.1-exc_pureshear/zoomin-2.pdf>]
Overfull \vbox (11.26973pt too high) detected at line 80
[23 <./b.1-exc_pureshear/zoomin-3.pdf>]
Overfull \vbox (11.26973pt too high) detected at line 80
[24 <./b.1-exc_pureshear/zoomin-7.pdf>]
Overfull \vbox (11.26973pt too high) detected at line 80
[25 <./b.1-exc_pureshear/zoomin-8.pdf>]
Overfull \vbox (11.26973pt too high) detected at line 80
[26 <./b.1-exc_pureshear/zoomin-9.pdf>]
Overfull \vbox (11.26973pt too high) detected at line 80
[27]
Overfull \vbox (11.26973pt too high) detected at line 80
[28]
Overfull \vbox (11.26973pt too high) detected at line 80
[29 <./b.1-exc_pureshear/T1transition.pdf>])
(./b.2-exc_results_1/exc_results_1.tex
(/usr/local/texlive/2022/texmf-dist/tex/latex/lm/ts1lmss.fd)
Overfull \vbox (18.09647pt too high) detected at line 42
[30]
Overfull \vbox (18.09647pt too high) detected at line 42
[31]
Overfull \vbox (18.09647pt too high) detected at line 42
[32 <./b.2-exc_results_1/dimshearmodulus.pdf>]
Overfull \vbox (18.09647pt too high) detected at line 42
[33]
Overfull \vbox (18.09647pt too high) detected at line 42
[34]
Overfull \vbox (18.09647pt too high) detected at line 42
[35 <./b.2-exc_results_1/csigma.pdf>]) (./b.3-exc_results_2/exc_results_2.tex

pdfTeX warning: pdflatex (file ./b.3-exc_results_2/giso-2.pdf): PDF inclusion: 
found PDF version <1.6>, but at most version <1.5> allowed

Overfull \vbox (2.78098pt too high) detected at line 49
[36]
Overfull \vbox (2.78098pt too high) detected at line 49
[37]
Overfull \vbox (2.78098pt too high) detected at line 49
[38]
Overfull \vbox (2.78098pt too high) detected at line 49
[39 <./b.3-exc_results_2/giso_lit.png>]
Overfull \vbox (2.78098pt too high) detected at line 49
[40 <./b.3-exc_results_2/giso-2.pdf>]) [41 <./ismeltingpaper_screen.png>]
(./c.1-kt_msdintro/kt_msdintro.tex

pdfTeX warning: pdflatex (file ./c.1-kt_msdintro/msd-supercooledliq-0.pdf): PDF
 inclusion: found PDF version <1.6>, but at most version <1.5> allowed


pdfTeX warning: pdflatex (file ./c.1-kt_msdintro/msd-supercooledliq-1.pdf): PDF
 inclusion: found PDF version <1.6>, but at most version <1.5> allowed


pdfTeX warning: pdflatex (file ./c.1-kt_msdintro/msd-supercooledliq-2.pdf): PDF
 inclusion: found PDF version <1.6>, but at most version <1.5> allowed


pdfTeX warning: pdflatex (file ./c.1-kt_msdintro/msd-supercooledliq-4.pdf): PDF
 inclusion: found PDF version <1.6>, but at most version <1.5> allowed

Overfull \vbox (11.90327pt too high) detected at line 67
[42]
Overfull \vbox (11.90327pt too high) detected at line 67
[43]
Overfull \vbox (11.90327pt too high) detected at line 67
[44 <./c.1-kt_msdintro/msd-supercooledliq-0.pdf>]
Overfull \vbox (11.90327pt too high) detected at line 67
[45 <./c.1-kt_msdintro/msd-supercooledliq-1.pdf>]
Overfull \vbox (11.90327pt too high) detected at line 67
[46]
Overfull \vbox (11.90327pt too high) detected at line 67
[47 <./c.1-kt_msdintro/msd-supercooledliq-2.pdf>]
Overfull \vbox (11.90327pt too high) detected at line 67
[48 <./c.1-kt_msdintro/msd-supercooledliq-4.pdf>]
Overfull \vbox (11.90327pt too high) detected at line 67
[49]
Overfull \vbox (11.90327pt too high) detected at line 67
[50]
Overfull \vbox (11.90327pt too high) detected at line 67
[51]
Overfull \vbox (11.90327pt too high) detected at line 67
[52]
Overfull \vbox (11.90327pt too high) detected at line 67
[53]) (./c.2-kt_geomcharges_1/kt_geomcharges.tex

pdfTeX warning: pdflatex (file ./c.2-kt_geomcharges_1/chargesequiv-2.pdf): PDF 
inclusion: found PDF version <1.6>, but at most version <1.5> allowed


pdfTeX warning: pdflatex (file ./c.2-kt_geomcharges_1/dipolemag.pdf): PDF inclu
sion: found PDF version <1.6>, but at most version <1.5> allowed

Overfull \hbox (13.2435pt too wide) detected at line 94
[] \OT1/lmr/m/n/9 = [] \OMS/lmsy/m/n/9 ^^@ []

Overfull \vbox (27.90303pt too high) detected at line 94
[54 <./c.2-kt_geomcharges_1/chargesequiv-2.pdf> <./c.2-kt_geomcharges_1/dipolem
ag.pdf>]) (./c.6-kt_energyentropy/kt_energyentropy.tex

pdfTeX warning: pdflatex (file ./c.6-kt_energyentropy/dofs_quadrupole-0.pdf): P
DF inclusion: found PDF version <1.6>, but at most version <1.5> allowed


pdfTeX warning: pdflatex (file ./c.6-kt_energyentropy/dofs_quadrupole-1.pdf): P
DF inclusion: found PDF version <1.6>, but at most version <1.5> allowed


pdfTeX warning: pdflatex (file ./c.6-kt_energyentropy/dofs_quadrupole-3.pdf): P
DF inclusion: found PDF version <1.6>, but at most version <1.5> allowed

Overfull \vbox (41.60344pt too high) detected at line 48
[55]
Overfull \vbox (41.60344pt too high) detected at line 48
[56 <./c.6-kt_energyentropy/dofs_quadrupole-0.pdf>]
Overfull \vbox (41.60344pt too high) detected at line 48
[57 <./c.6-kt_energyentropy/dofs_quadrupole-1.pdf>]
Overfull \vbox (41.60344pt too high) detected at line 48
[58 <./c.6-kt_energyentropy/dofs_quadrupole-3.pdf>])
(./c.7-kt_meltingscenario/kt_meltingscenario.tex

pdfTeX warning: pdflatex (file ./c.7-kt_meltingscenario/mechanism-0.pdf): PDF i
nclusion: found PDF version <1.6>, but at most version <1.5> allowed


pdfTeX warning: pdflatex (file ./c.7-kt_meltingscenario/mechanism-1.pdf): PDF i
nclusion: found PDF version <1.6>, but at most version <1.5> allowed

Overfull \vbox (7.18544pt too high) detected at line 48
[59]
Overfull \vbox (7.18544pt too high) detected at line 48
[60 <./c.7-kt_meltingscenario/mechanism-0.pdf>]
Overfull \vbox (7.18544pt too high) detected at line 48
[61]
Overfull \vbox (7.18544pt too high) detected at line 48
[62]
Overfull \vbox (7.18544pt too high) detected at line 48
[63 <./c.7-kt_meltingscenario/mechanism-1.pdf>]
Overfull \vbox (7.18544pt too high) detected at line 48
[64]
Overfull \vbox (7.18544pt too high) detected at line 48
[65] [66]) (./c.8-kt_results_1/kt_results.tex
(/usr/local/texlive/2022/texmf-dist/tex/latex/lm/t1lmtt.fd)

pdfTeX warning: pdflatex (file ./c.8-kt_results_1/new-mechanism-0.pdf): PDF inc
lusion: found PDF version <1.6>, but at most version <1.5> allowed

Overfull \hbox (0.58324pt too wide) detected at line 124
[]

Overfull \vbox (6.63614pt too high) detected at line 124
[67]
Overfull \hbox (0.58324pt too wide) detected at line 124
[]

Overfull \vbox (6.63614pt too high) detected at line 124
[68]
Overfull \hbox (0.58324pt too wide) detected at line 124
[]

Overfull \vbox (6.63614pt too high) detected at line 124
[69 <./c.8-kt_results_1/new-mechanism-0.pdf>]
Overfull \hbox (0.58324pt too wide) detected at line 124
[]

Overfull \vbox (12.93614pt too high) detected at line 124
[70]
Overfull \hbox (0.58324pt too wide) detected at line 124
[]

Overfull \vbox (12.93614pt too high) detected at line 124
[71]
Overfull \hbox (0.58324pt too wide) detected at line 124
[]

Overfull \vbox (12.93614pt too high) detected at line 124
[72]) (./c.10-kt_merminwagner_1/kt_merminwagner.tex
Overfull \vbox (4.55106pt too high) detected at line 38
[73 <./c.10-kt_merminwagner_1/merminwagner_comparison_0.pdf> <./c.10-kt_merminw
agner_1/merminwagner_comparison_1.pdf>]
Overfull \vbox (4.55106pt too high) detected at line 38
[74]
Overfull \vbox (4.55106pt too high) detected at line 38
[75]) (./c.13-kt_keim_1/kt_keim.tex

pdfTeX warning: pdflatex (file ./c.13-kt_keim_1/keim_setup_0.pdf): PDF inclusio
n: found PDF version <1.6>, but at most version <1.5> allowed


pdfTeX warning: pdflatex (file ./c.13-kt_keim_1/keim_setup_1.pdf): PDF inclusio
n: found PDF version <1.6>, but at most version <1.5> allowed


pdfTeX warning: pdflatex (file ./c.13-kt_keim_1/keim_setup_2.pdf): PDF inclusio
n: found PDF version <1.6>, but at most version <1.5> allowed

Overfull \vbox (178.91501pt too high) detected at line 130
[76]
Overfull \vbox (178.91501pt too high) detected at line 130
[77]
Overfull \vbox (178.91501pt too high) detected at line 130
[78]
Overfull \vbox (178.91501pt too high) detected at line 130
[79 <./c.13-kt_keim_1/Yrenorm_poly12.pdf>]
Overfull \vbox (178.91501pt too high) detected at line 130
[80]
Overfull \vbox (178.91501pt too high) detected at line 130
[81 <./c.13-kt_keim_1/keim_setup_0.pdf>]
Overfull \vbox (178.91501pt too high) detected at line 130
[82 <./c.13-kt_keim_1/keim_setup_1.pdf>]
Overfull \vbox (178.91501pt too high) detected at line 130
[83]
Overfull \vbox (178.91501pt too high) detected at line 130
[84 <./c.13-kt_keim_1/keim_setup_2.pdf>]
Overfull \vbox (178.91501pt too high) detected at line 130
[85]
Overfull \vbox (178.91501pt too high) detected at line 130
[86 <./c.13-kt_keim_1/YRG_keim_exp_0.pdf>]
Overfull \vbox (178.91501pt too high) detected at line 130
[87]
Overfull \vbox (178.91501pt too high) detected at line 130
[88 <./c.13-kt_keim_1/YRG_keim_exp_1.pdf>]
Overfull \vbox (178.91501pt too high) detected at line 130
[89 <./c.13-kt_keim_1/YRG_keim.pdf>]
Overfull \vbox (178.91501pt too high) detected at line 130
[90 <./c.13-kt_keim_1/YRG_keim_closeup.pdf>]
Overfull \vbox (178.91501pt too high) detected at line 130
[91 <./c.13-kt_keim_1/msd_keim.png>]
Overfull \vbox (178.91501pt too high) detected at line 130
[92 <./c.13-kt_keim_1/msd_keim_1.png>]
Overfull \vbox (178.91501pt too high) detected at line 130
[93]) (./c.15-kt_spatialcorrel/kt_spatialcorrel.tex
Overfull \vbox (13.55333pt too high) detected at line 44
[94]
Overfull \vbox (13.55333pt too high) detected at line 44
[95]
Overfull \vbox (13.55333pt too high) detected at line 44
[96]
Overfull \vbox (13.55333pt too high) detected at line 44
[97]
Overfull \vbox (13.55333pt too high) detected at line 44
[98 <./c.15-kt_spatialcorrel/spatialcorrel.pdf>]
Overfull \vbox (13.55333pt too high) detected at line 44
[99]) (./d.1-fac_intro/fac_intro.tex

pdfTeX warning: pdflatex (file ./d.1-fac_intro/interlude1.pdf): PDF inclusion: 
found PDF version <1.6>, but at most version <1.5> allowed


pdfTeX warning: pdflatex (file ./d.1-fac_intro/interlude2.pdf): PDF inclusion: 
found PDF version <1.6>, but at most version <1.5> allowed


pdfTeX warning: pdflatex (file ./d.1-fac_intro/bare_test_0.pdf): PDF inclusion:
 found PDF version <1.6>, but at most version <1.5> allowed


pdfTeX warning: pdflatex (file ./d.1-fac_intro/bare_test_3.pdf): PDF inclusion:
 found PDF version <1.6>, but at most version <1.5> allowed


pdfTeX warning: pdflatex (file ./d.1-fac_intro/test_3.pdf): PDF inclusion: foun
d PDF version <1.6>, but at most version <1.5> allowed


pdfTeX warning: pdflatex (file ./d.1-fac_intro/test_6.pdf): PDF inclusion: foun
d PDF version <1.6>, but at most version <1.5> allowed

Overfull \vbox (23.35045pt too high) detected at line 60
[100]
Overfull \vbox (23.35045pt too high) detected at line 60
[101 <./d.1-fac_intro/interlude1.pdf>]
Overfull \vbox (23.35045pt too high) detected at line 60
[102 <./d.1-fac_intro/interlude2.pdf>]
Overfull \vbox (23.35045pt too high) detected at line 60
[103 <./d.1-fac_intro/bare_test_0.pdf>]
Overfull \vbox (23.35045pt too high) detected at line 60
[104 <./d.1-fac_intro/bare_test_3.pdf>]
Overfull \vbox (23.35045pt too high) detected at line 60
[105]
Overfull \vbox (23.35045pt too high) detected at line 60
[106 <./d.1-fac_intro/test_3.pdf>]
Overfull \vbox (23.35045pt too high) detected at line 60
[107 <./d.1-fac_intro/test_6.pdf>]
Overfull \vbox (23.35045pt too high) detected at line 60
[108]
Overfull \vbox (23.35045pt too high) detected at line 60
[109]
Overfull \vbox (23.35045pt too high) detected at line 60
[110]
Overfull \vbox (23.35045pt too high) detected at line 60
[111]
Overfull \vbox (23.35045pt too high) detected at line 60
[112]) (./d.2-fac_intrc_1/fac_intrc.tex [113] [114]

pdfTeX warning: pdflatex (file ./d.2-fac_intrc_1/excconfig2.pdf): PDF inclusion
: found PDF version <1.6>, but at most version <1.5> allowed

Overfull \vbox (72.20912pt too high) detected at line 105
[115 <./d.2-fac_intrc_1/excconfig2.pdf>]

pdfTeX warning: pdflatex (file ./d.4-fac_results_1/minima.pdf): PDF inclusion: 
found PDF version <1.6>, but at most version <1.5> allowed

Overfull \vbox (68.29839pt too high) detected at line 105
[116 <./d.4-fac_results_1/minima.pdf>]

pdfTeX warning: pdflatex (file ./d.2-fac_intrc_1/pes.pdf): PDF inclusion: found
 PDF version <1.6>, but at most version <1.5> allowed

Overfull \vbox (12.16171pt too high) detected at line 105
[117 <./d.2-fac_intrc_1/pes.pdf>]
Overfull \vbox (12.16171pt too high) detected at line 105
[118]) (./d.4-fac_results_1/fac_results_1.tex<<VPlayer.swf>><<d.4-fac_results_1
/displowT.mp4>>

pdfTeX warning: pdflatex (file ./d.4-fac_results_1/out-700.pdf): PDF inclusion:
 found PDF version <1.6>, but at most version <1.5> allowed
<<d.4-fac_results_1/persistlowT.mp4>>

pdfTeX warning: pdflatex (file ./d.4-fac_results_1/persout-012.pdf): PDF inclus
ion: found PDF version <1.6>, but at most version <1.5> allowed

Overfull \vbox (13.60052pt too high) detected at line 42
[119 <./d.4-fac_results_1/displowT3.png>]
Overfull \vbox (15.29297pt too high) detected at line 42
[120 <./d.4-fac_results_1/out-700.pdf>]
Overfull \vbox (15.85052pt too high) detected at line 42
[121 <./d.4-fac_results_1/persistlowT3.png>]
Overfull \vbox (28.44295pt too high) detected at line 42
[122 <./d.4-fac_results_1/persout-012.pdf>] [123])
(./d.5-fac_results_2/fac_results_2.tex

pdfTeX warning: pdflatex (file ./d.5-fac_results_2/surveyresults1.pdf): PDF inc
lusion: found PDF version <1.6>, but at most version <1.5> allowed


pdfTeX warning: pdflatex (file ./d.5-fac_results_2/surveyresults2.pdf): PDF inc
lusion: found PDF version <1.6>, but at most version <1.5> allowed


pdfTeX warning: pdflatex (file ./d.5-fac_results_2/surveyresults3.pdf): PDF inc
lusion: found PDF version <1.6>, but at most version <1.5> allowed


pdfTeX warning: pdflatex (file ./d.5-fac_results_2/surveyresults.pdf): PDF incl
usion: found PDF version <1.6>, but at most version <1.5> allowed

Overfull \vbox (9.74269pt too high) detected at line 11
[124 <./d.5-fac_results_2/surveyresults1.pdf>]
Overfull \vbox (9.74269pt too high) detected at line 11
[125 <./d.5-fac_results_2/surveyresults2.pdf>]
Overfull \vbox (9.74269pt too high) detected at line 11
[126 <./d.5-fac_results_2/surveyresults3.pdf>]
Overfull \vbox (9.74269pt too high) detected at line 11
[127 <./d.5-fac_results_2/surveyresults.pdf>])
(./d.6-fac_results_3/fac_results_3.tex

pdfTeX warning: pdflatex (file ./d.6-fac_results_3/pes.pdf): PDF inclusion: fou
nd PDF version <1.6>, but at most version <1.5> allowed


pdfTeX warning: pdflatex (file ./d.6-fac_results_3/newmsdphonons0.pdf): PDF inc
lusion: found PDF version <1.6>, but at most version <1.5> allowed


pdfTeX warning: pdflatex (file ./d.6-fac_results_3/ismsdmd.pdf): PDF inclusion:
 found PDF version <1.6>, but at most version <1.5> allowed


pdfTeX warning: pdflatex (file ./d.6-fac_results_3/newmsdphonons1.pdf): PDF inc
lusion: found PDF version <1.6>, but at most version <1.5> allowed

Overfull \vbox (32.47269pt too high) detected at line 63
[128]
Overfull \vbox (32.47269pt too high) detected at line 63
[129 <./d.6-fac_results_3/pes.pdf>]
Overfull \vbox (32.47269pt too high) detected at line 63
[130]
Overfull \vbox (32.47269pt too high) detected at line 63
[131]
Overfull \vbox (32.47269pt too high) detected at line 63
[132 <./d.6-fac_results_3/newmsdphonons0.pdf>]
Overfull \vbox (32.47269pt too high) detected at line 63
[133 <./d.6-fac_results_3/ismsdmd.pdf>]
Overfull \vbox (32.47269pt too high) detected at line 63
[134]
Overfull \vbox (32.47269pt too high) detected at line 63
[135 <./d.6-fac_results_3/newmsdphonons1.pdf>])
(./e.1-acknowledgements/acknowledgements.tex
Overfull \vbox (9.40187pt too high) detected at line 39
[136 <./acknowledgements/index.jpg> <./acknowledgements/image912.png> <./d.6-fa
c_results_3/persistlowT3.png>]
Overfull \vbox (9.40187pt too high) detected at line 39
[137]
Overfull \vbox (9.40187pt too high) detected at line 39
[138]
Overfull \vbox (9.40187pt too high) detected at line 39
[139])

pdfTeX warning: pdflatex (file ./d.1-fac_intro/taubwithirrev.pdf): PDF inclusio
n: found PDF version <1.6>, but at most version <1.5> allowed

Overfull \vbox (46.65074pt too high) detected at line 218
[140]
Overfull \vbox (46.65074pt too high) detected at line 218
[141 <./d.6-fac_results_3/persistlowT.jpg>]
Overfull \vbox (46.65074pt too high) detected at line 218
[142]
Overfull \vbox (46.65074pt too high) detected at line 218
[143 <./d.1-fac_intro/taubwithirrev.pdf>]
Overfull \vbox (46.65074pt too high) detected at line 218
[144] (output/presentation.aux) )
(see the transcript file for additional information){/usr/local/texlive/2022/te
xmf-dist/fonts/enc/dvips/lm/lm-rm.enc}{/usr/local/texlive/2022/texmf-dist/fonts
/enc/dvips/lm/lm-mathsy.enc}{/usr/local/texlive/2022/texmf-dist/fonts/enc/dvips
/lm/lm-ec.enc}{/usr/local/texlive/2022/texmf-dist/fonts/enc/dvips/lm/lm-mathit.
enc}{/usr/local/texlive/2022/texmf-dist/fonts/enc/dvips/lm/lm-ts1.enc}{/usr/loc
al/texlive/2022/texmf-dist/fonts/enc/dvips/lm/lm-mathex.enc}</usr/local/texlive
/2022/texmf-dist/fonts/type1/public/amsfonts/cm/cmbx9.pfb></usr/local/texlive/2
022/texmf-dist/fonts/type1/public/amsfonts/cm/cmex10.pfb></usr/local/texlive/20
22/texmf-dist/fonts/type1/public/amsfonts/cm/cmmi10.pfb></usr/local/texlive/202
2/texmf-dist/fonts/type1/public/amsfonts/cm/cmmi12.pfb></usr/local/texlive/2022
/texmf-dist/fonts/type1/public/amsfonts/cm/cmr10.pfb></usr/local/texlive/2022/t
exmf-dist/fonts/type1/public/amsfonts/cm/cmr12.pfb></usr/local/texlive/2022/tex
mf-dist/fonts/type1/public/amsfonts/cm/cmr17.pfb></usr/local/texlive/2022/texmf
-dist/fonts/type1/public/amsfonts/cm/cmr8.pfb></usr/local/texlive/2022/texmf-di
st/fonts/type1/public/amsfonts/cm/cmsy10.pfb></usr/local/texlive/2022/texmf-dis
t/fonts/type1/public/lm/lmbx6.pfb></usr/local/texlive/2022/texmf-dist/fonts/typ
e1/public/lm/lmbx8.pfb></usr/local/texlive/2022/texmf-dist/fonts/type1/public/l
m/lmbx9.pfb></usr/local/texlive/2022/texmf-dist/fonts/type1/public/lm/lmex10.pf
b></usr/local/texlive/2022/texmf-dist/fonts/type1/public/lm/lmmi10.pfb></usr/lo
cal/texlive/2022/texmf-dist/fonts/type1/public/lm/lmmi5.pfb></usr/local/texlive
/2022/texmf-dist/fonts/type1/public/lm/lmmi6.pfb></usr/local/texlive/2022/texmf
-dist/fonts/type1/public/lm/lmmi7.pfb></usr/local/texlive/2022/texmf-dist/fonts
/type1/public/lm/lmmi8.pfb></usr/local/texlive/2022/texmf-dist/fonts/type1/publ
ic/lm/lmmi9.pfb></usr/local/texlive/2022/texmf-dist/fonts/type1/public/lm/lmr5.
pfb></usr/local/texlive/2022/texmf-dist/fonts/type1/public/lm/lmr6.pfb></usr/lo
cal/texlive/2022/texmf-dist/fonts/type1/public/lm/lmr7.pfb></usr/local/texlive/
2022/texmf-dist/fonts/type1/public/lm/lmr8.pfb></usr/local/texlive/2022/texmf-d
ist/fonts/type1/public/lm/lmr9.pfb></usr/local/texlive/2022/texmf-dist/fonts/ty
pe1/public/lm/lmss10.pfb></usr/local/texlive/2022/texmf-dist/fonts/type1/public
/lm/lmss8.pfb></usr/local/texlive/2022/texmf-dist/fonts/type1/public/lm/lmss9.p
fb></usr/local/texlive/2022/texmf-dist/fonts/type1/public/lm/lmssbx10.pfb></usr
/local/texlive/2022/texmf-dist/fonts/type1/public/lm/lmsso8.pfb></usr/local/tex
live/2022/texmf-dist/fonts/type1/public/lm/lmsso9.pfb></usr/local/texlive/2022/
texmf-dist/fonts/type1/public/lm/lmsy10.pfb></usr/local/texlive/2022/texmf-dist
/fonts/type1/public/lm/lmsy5.pfb></usr/local/texlive/2022/texmf-dist/fonts/type
1/public/lm/lmsy6.pfb></usr/local/texlive/2022/texmf-dist/fonts/type1/public/lm
/lmsy8.pfb></usr/local/texlive/2022/texmf-dist/fonts/type1/public/lm/lmsy9.pfb>
</usr/local/texlive/2022/texmf-dist/fonts/type1/public/lm/lmtt8.pfb></usr/local
/texlive/2022/texmf-dist/fonts/type1/urw/helvetic/uhvr8a.pfb>
Output written on output/presentation.pdf (144 pages, 151472321 bytes).
Transcript written on output/presentation.log.
INFO - This is Biber 2.17
INFO - Logfile is 'output/presentation.blg'
INFO - Reading 'output/presentation.bcf'
This is pdfTeX, Version 3.141592653-2.6-1.40.24 (TeX Live 2022) (preloaded format=pdflatex)
 restricted \write18 enabled.
entering extended mode
(./presentation.tex
LaTeX2e <2021-11-15> patch level 1
L3 programming layer <2022-02-24>
(/usr/local/texlive/2022/texmf-dist/tex/latex/beamer/beamer.cls
Document Class: beamer 2022/02/08 v3.66 A class for typesetting presentations
(/usr/local/texlive/2022/texmf-dist/tex/latex/beamer/beamerbasemodes.sty
(/usr/local/texlive/2022/texmf-dist/tex/latex/etoolbox/etoolbox.sty)
(/usr/local/texlive/2022/texmf-dist/tex/latex/beamer/beamerbasedecode.sty))
(/usr/local/texlive/2022/texmf-dist/tex/generic/iftex/iftex.sty)
(/usr/local/texlive/2022/texmf-dist/tex/latex/beamer/beamerbaseoptions.sty
(/usr/local/texlive/2022/texmf-dist/tex/latex/graphics/keyval.sty))
(/usr/local/texlive/2022/texmf-dist/tex/latex/geometry/geometry.sty
(/usr/local/texlive/2022/texmf-dist/tex/generic/iftex/ifvtex.sty))
(/usr/local/texlive/2022/texmf-dist/tex/latex/pgf/math/pgfmath.sty
(/usr/local/texlive/2022/texmf-dist/tex/latex/pgf/utilities/pgfrcs.sty
(/usr/local/texlive/2022/texmf-dist/tex/generic/pgf/utilities/pgfutil-common.te
x
(/usr/local/texlive/2022/texmf-dist/tex/generic/pgf/utilities/pgfutil-common-li
sts.tex))
(/usr/local/texlive/2022/texmf-dist/tex/generic/pgf/utilities/pgfutil-latex.def
) (/usr/local/texlive/2022/texmf-dist/tex/generic/pgf/utilities/pgfrcs.code.tex
(/usr/local/texlive/2022/texmf-dist/tex/generic/pgf/pgf.revision.tex)))
(/usr/local/texlive/2022/texmf-dist/tex/latex/pgf/utilities/pgfkeys.sty
(/usr/local/texlive/2022/texmf-dist/tex/generic/pgf/utilities/pgfkeys.code.tex
(/usr/local/texlive/2022/texmf-dist/tex/generic/pgf/utilities/pgfkeysfiltered.c
ode.tex)))
(/usr/local/texlive/2022/texmf-dist/tex/generic/pgf/math/pgfmath.code.tex
(/usr/local/texlive/2022/texmf-dist/tex/generic/pgf/math/pgfmathcalc.code.tex
(/usr/local/texlive/2022/texmf-dist/tex/generic/pgf/math/pgfmathutil.code.tex)
(/usr/local/texlive/2022/texmf-dist/tex/generic/pgf/math/pgfmathparser.code.tex
)
(/usr/local/texlive/2022/texmf-dist/tex/generic/pgf/math/pgfmathfunctions.code.
tex
(/usr/local/texlive/2022/texmf-dist/tex/generic/pgf/math/pgfmathfunctions.basic
.code.tex)
(/usr/local/texlive/2022/texmf-dist/tex/generic/pgf/math/pgfmathfunctions.trigo
nometric.code.tex)
(/usr/local/texlive/2022/texmf-dist/tex/generic/pgf/math/pgfmathfunctions.rando
m.code.tex)
(/usr/local/texlive/2022/texmf-dist/tex/generic/pgf/math/pgfmathfunctions.compa
rison.code.tex)
(/usr/local/texlive/2022/texmf-dist/tex/generic/pgf/math/pgfmathfunctions.base.
code.tex)
(/usr/local/texlive/2022/texmf-dist/tex/generic/pgf/math/pgfmathfunctions.round
.code.tex)
(/usr/local/texlive/2022/texmf-dist/tex/generic/pgf/math/pgfmathfunctions.misc.
code.tex)
(/usr/local/texlive/2022/texmf-dist/tex/generic/pgf/math/pgfmathfunctions.integ
erarithmetics.code.tex)))
(/usr/local/texlive/2022/texmf-dist/tex/generic/pgf/math/pgfmathfloat.code.tex)
))

Class beamer Warning: ``professionalfont'' option is obsolete. Use font theme `
`professionalfonts'' instead on input line 357.

(/usr/local/texlive/2022/texmf-dist/tex/latex/extsizes/size9.clo)
(/usr/local/texlive/2022/texmf-dist/tex/latex/pgf/basiclayer/pgfcore.sty
(/usr/local/texlive/2022/texmf-dist/tex/latex/graphics/graphicx.sty
(/usr/local/texlive/2022/texmf-dist/tex/latex/graphics/graphics.sty
(/usr/local/texlive/2022/texmf-dist/tex/latex/graphics/trig.sty)
(/usr/local/texlive/2022/texmf-dist/tex/latex/graphics-cfg/graphics.cfg)
(/usr/local/texlive/2022/texmf-dist/tex/latex/graphics-def/pdftex.def)))
(/usr/local/texlive/2022/texmf-dist/tex/latex/pgf/systemlayer/pgfsys.sty
(/usr/local/texlive/2022/texmf-dist/tex/generic/pgf/systemlayer/pgfsys.code.tex
(/usr/local/texlive/2022/texmf-dist/tex/generic/pgf/utilities/pgfkeys.code.tex)
(/usr/local/texlive/2022/texmf-dist/tex/generic/pgf/systemlayer/pgf.cfg)
(/usr/local/texlive/2022/texmf-dist/tex/generic/pgf/systemlayer/pgfsys-pdftex.d
ef
(/usr/local/texlive/2022/texmf-dist/tex/generic/pgf/systemlayer/pgfsys-common-p
df.def)))
(/usr/local/texlive/2022/texmf-dist/tex/generic/pgf/systemlayer/pgfsyssoftpath.
code.tex)
(/usr/local/texlive/2022/texmf-dist/tex/generic/pgf/systemlayer/pgfsysprotocol.
code.tex)) (/usr/local/texlive/2022/texmf-dist/tex/latex/xcolor/xcolor.sty
(/usr/local/texlive/2022/texmf-dist/tex/latex/graphics-cfg/color.cfg))
(/usr/local/texlive/2022/texmf-dist/tex/generic/pgf/basiclayer/pgfcore.code.tex
(/usr/local/texlive/2022/texmf-dist/tex/generic/pgf/math/pgfmath.code.tex)
(/usr/local/texlive/2022/texmf-dist/tex/generic/pgf/math/pgfint.code.tex)
(/usr/local/texlive/2022/texmf-dist/tex/generic/pgf/basiclayer/pgfcorepoints.co
de.tex)
(/usr/local/texlive/2022/texmf-dist/tex/generic/pgf/basiclayer/pgfcorepathconst
ruct.code.tex)
(/usr/local/texlive/2022/texmf-dist/tex/generic/pgf/basiclayer/pgfcorepathusage
.code.tex)
(/usr/local/texlive/2022/texmf-dist/tex/generic/pgf/basiclayer/pgfcorescopes.co
de.tex)
(/usr/local/texlive/2022/texmf-dist/tex/generic/pgf/basiclayer/pgfcoregraphicst
ate.code.tex)
(/usr/local/texlive/2022/texmf-dist/tex/generic/pgf/basiclayer/pgfcoretransform
ations.code.tex)
(/usr/local/texlive/2022/texmf-dist/tex/generic/pgf/basiclayer/pgfcorequick.cod
e.tex)
(/usr/local/texlive/2022/texmf-dist/tex/generic/pgf/basiclayer/pgfcoreobjects.c
ode.tex)
(/usr/local/texlive/2022/texmf-dist/tex/generic/pgf/basiclayer/pgfcorepathproce
ssing.code.tex)
(/usr/local/texlive/2022/texmf-dist/tex/generic/pgf/basiclayer/pgfcorearrows.co
de.tex)
(/usr/local/texlive/2022/texmf-dist/tex/generic/pgf/basiclayer/pgfcoreshade.cod
e.tex)
(/usr/local/texlive/2022/texmf-dist/tex/generic/pgf/basiclayer/pgfcoreimage.cod
e.tex
(/usr/local/texlive/2022/texmf-dist/tex/generic/pgf/basiclayer/pgfcoreexternal.
code.tex))
(/usr/local/texlive/2022/texmf-dist/tex/generic/pgf/basiclayer/pgfcorelayers.co
de.tex)
(/usr/local/texlive/2022/texmf-dist/tex/generic/pgf/basiclayer/pgfcoretranspare
ncy.code.tex)
(/usr/local/texlive/2022/texmf-dist/tex/generic/pgf/basiclayer/pgfcorepatterns.
code.tex)
(/usr/local/texlive/2022/texmf-dist/tex/generic/pgf/basiclayer/pgfcorerdf.code.
tex))) (/usr/local/texlive/2022/texmf-dist/tex/latex/pgf/utilities/xxcolor.sty)
 (/usr/local/texlive/2022/texmf-dist/tex/latex/base/atbegshi-ltx.sty)
(/usr/local/texlive/2022/texmf-dist/tex/latex/hyperref/hyperref.sty
(/usr/local/texlive/2022/texmf-dist/tex/generic/ltxcmds/ltxcmds.sty)
(/usr/local/texlive/2022/texmf-dist/tex/generic/pdftexcmds/pdftexcmds.sty
(/usr/local/texlive/2022/texmf-dist/tex/generic/infwarerr/infwarerr.sty))
(/usr/local/texlive/2022/texmf-dist/tex/generic/kvsetkeys/kvsetkeys.sty)
(/usr/local/texlive/2022/texmf-dist/tex/generic/kvdefinekeys/kvdefinekeys.sty)
(/usr/local/texlive/2022/texmf-dist/tex/generic/pdfescape/pdfescape.sty)
(/usr/local/texlive/2022/texmf-dist/tex/latex/hycolor/hycolor.sty)
(/usr/local/texlive/2022/texmf-dist/tex/latex/letltxmacro/letltxmacro.sty)
(/usr/local/texlive/2022/texmf-dist/tex/latex/auxhook/auxhook.sty)
(/usr/local/texlive/2022/texmf-dist/tex/latex/kvoptions/kvoptions.sty)
(/usr/local/texlive/2022/texmf-dist/tex/latex/hyperref/pd1enc.def)
(/usr/local/texlive/2022/texmf-dist/tex/generic/intcalc/intcalc.sty)
(/usr/local/texlive/2022/texmf-dist/tex/generic/etexcmds/etexcmds.sty)
(/usr/local/texlive/2022/texmf-dist/tex/latex/hyperref/puenc.def)
(/usr/local/texlive/2022/texmf-dist/tex/latex/url/url.sty)
(/usr/local/texlive/2022/texmf-dist/tex/generic/bitset/bitset.sty
(/usr/local/texlive/2022/texmf-dist/tex/generic/bigintcalc/bigintcalc.sty))

Package hyperref Message: Stopped early.

) (/usr/local/texlive/2022/texmf-dist/tex/latex/hyperref/hpdftex.def
(/usr/local/texlive/2022/texmf-dist/tex/latex/base/atveryend-ltx.sty)
(/usr/local/texlive/2022/texmf-dist/tex/latex/rerunfilecheck/rerunfilecheck.sty

(/usr/local/texlive/2022/texmf-dist/tex/generic/uniquecounter/uniquecounter.sty
))) (/usr/local/texlive/2022/texmf-dist/tex/latex/beamer/beamerbaserequires.sty

(/usr/local/texlive/2022/texmf-dist/tex/latex/beamer/beamerbasecompatibility.st
y) (/usr/local/texlive/2022/texmf-dist/tex/latex/beamer/beamerbasefont.sty
(/usr/local/texlive/2022/texmf-dist/tex/latex/amsfonts/amssymb.sty
(/usr/local/texlive/2022/texmf-dist/tex/latex/amsfonts/amsfonts.sty))
(/usr/local/texlive/2022/texmf-dist/tex/latex/sansmathaccent/sansmathaccent.sty
(/usr/local/texlive/2022/texmf-dist/tex/latex/koma-script/scrlfile.sty
(/usr/local/texlive/2022/texmf-dist/tex/latex/koma-script/scrlfile-hook.sty
(/usr/local/texlive/2022/texmf-dist/tex/latex/koma-script/scrlogo.sty)))))
(/usr/local/texlive/2022/texmf-dist/tex/latex/beamer/beamerbasetranslator.sty
(/usr/local/texlive/2022/texmf-dist/tex/latex/translator/translator.sty))
(/usr/local/texlive/2022/texmf-dist/tex/latex/beamer/beamerbasemisc.sty)
(/usr/local/texlive/2022/texmf-dist/tex/latex/beamer/beamerbasetwoscreens.sty)
(/usr/local/texlive/2022/texmf-dist/tex/latex/beamer/beamerbaseoverlay.sty)
(/usr/local/texlive/2022/texmf-dist/tex/latex/beamer/beamerbasetitle.sty)
(/usr/local/texlive/2022/texmf-dist/tex/latex/beamer/beamerbasesection.sty)
(/usr/local/texlive/2022/texmf-dist/tex/latex/beamer/beamerbaseframe.sty)
(/usr/local/texlive/2022/texmf-dist/tex/latex/beamer/beamerbaseverbatim.sty)
(/usr/local/texlive/2022/texmf-dist/tex/latex/beamer/beamerbaseframesize.sty)
(/usr/local/texlive/2022/texmf-dist/tex/latex/beamer/beamerbaseframecomponents.
sty) (/usr/local/texlive/2022/texmf-dist/tex/latex/beamer/beamerbasecolor.sty)
(/usr/local/texlive/2022/texmf-dist/tex/latex/beamer/beamerbasenotes.sty)
(/usr/local/texlive/2022/texmf-dist/tex/latex/beamer/beamerbasetoc.sty)
(/usr/local/texlive/2022/texmf-dist/tex/latex/beamer/beamerbasetemplates.sty
(/usr/local/texlive/2022/texmf-dist/tex/latex/beamer/beamerbaseauxtemplates.sty
(/usr/local/texlive/2022/texmf-dist/tex/latex/beamer/beamerbaseboxes.sty)))
(/usr/local/texlive/2022/texmf-dist/tex/latex/beamer/beamerbaselocalstructure.s
ty (/usr/local/texlive/2022/texmf-dist/tex/latex/tools/enumerate.sty))
(/usr/local/texlive/2022/texmf-dist/tex/latex/beamer/beamerbasenavigation.sty)
(/usr/local/texlive/2022/texmf-dist/tex/latex/beamer/beamerbasetheorems.sty
(/usr/local/texlive/2022/texmf-dist/tex/latex/amsmath/amsmath.sty
For additional information on amsmath, use the `?' option.
(/usr/local/texlive/2022/texmf-dist/tex/latex/amsmath/amstext.sty
(/usr/local/texlive/2022/texmf-dist/tex/latex/amsmath/amsgen.sty))
(/usr/local/texlive/2022/texmf-dist/tex/latex/amsmath/amsbsy.sty)
(/usr/local/texlive/2022/texmf-dist/tex/latex/amsmath/amsopn.sty))
(/usr/local/texlive/2022/texmf-dist/tex/latex/amscls/amsthm.sty))
(/usr/local/texlive/2022/texmf-dist/tex/latex/beamer/beamerbasethemes.sty))
(/usr/local/texlive/2022/texmf-dist/tex/latex/beamer/beamerthemedefault.sty
(/usr/local/texlive/2022/texmf-dist/tex/latex/beamer/beamerfontthemedefault.sty
)
(/usr/local/texlive/2022/texmf-dist/tex/latex/beamer/beamercolorthemedefault.st
y)
(/usr/local/texlive/2022/texmf-dist/tex/latex/beamer/beamerinnerthemedefault.st
y)
(/usr/local/texlive/2022/texmf-dist/tex/latex/beamer/beamerouterthemedefault.st
y))) (/usr/local/texlive/2022/texmf-dist/tex/latex/mathtools/empheq.sty
(/usr/local/texlive/2022/texmf-dist/tex/latex/mathtools/mhsetup.sty)
(/usr/local/texlive/2022/texmf-dist/tex/latex/mathtools/mathtools.sty
(/usr/local/texlive/2022/texmf-dist/tex/latex/tools/calc.sty)))
(/usr/local/texlive/2022/texmf-dist/tex/latex/l3packages/xparse/xparse.sty
(/usr/local/texlive/2022/texmf-dist/tex/latex/l3kernel/expl3.sty
(/usr/local/texlive/2022/texmf-dist/tex/latex/l3backend/l3backend-pdftex.def)))
 (/usr/local/texlive/2022/texmf-dist/tex/latex/adjustbox/adjustbox.sty
(/usr/local/texlive/2022/texmf-dist/tex/latex/xkeyval/xkeyval.sty
(/usr/local/texlive/2022/texmf-dist/tex/generic/xkeyval/xkeyval.tex
(/usr/local/texlive/2022/texmf-dist/tex/generic/xkeyval/xkvutils.tex)))
(/usr/local/texlive/2022/texmf-dist/tex/latex/adjustbox/adjcalc.sty)
(/usr/local/texlive/2022/texmf-dist/tex/latex/adjustbox/trimclip.sty
(/usr/local/texlive/2022/texmf-dist/tex/latex/collectbox/collectbox.sty)
(/usr/local/texlive/2022/texmf-dist/tex/latex/adjustbox/tc-pdftex.def))
(/usr/local/texlive/2022/texmf-dist/tex/latex/ifoddpage/ifoddpage.sty)
(/usr/local/texlive/2022/texmf-dist/tex/latex/varwidth/varwidth.sty))
(/usr/local/texlive/2022/texmf-dist/tex/latex/tabulary/tabulary.sty
(/usr/local/texlive/2022/texmf-dist/tex/latex/tools/array.sty))
(/usr/local/texlive/2022/texmf-dist/tex/latex/tools/hhline.sty)
(/usr/local/texlive/2022/texmf-dist/tex/latex/relsize/relsize.sty)
(/usr/local/texlive/2022/texmf-dist/tex/latex/framed/framed.sty)
(/usr/local/texlive/2022/texmf-dist/tex/latex/hf-tikz/hf-tikz.sty
(/usr/local/texlive/2022/texmf-dist/tex/latex/pgf/frontendlayer/tikz.sty
(/usr/local/texlive/2022/texmf-dist/tex/latex/pgf/basiclayer/pgf.sty
(/usr/local/texlive/2022/texmf-dist/tex/generic/pgf/modules/pgfmoduleshapes.cod
e.tex)
(/usr/local/texlive/2022/texmf-dist/tex/generic/pgf/modules/pgfmoduleplot.code.
tex)
(/usr/local/texlive/2022/texmf-dist/tex/latex/pgf/compatibility/pgfcomp-version
-0-65.sty)
(/usr/local/texlive/2022/texmf-dist/tex/latex/pgf/compatibility/pgfcomp-version
-1-18.sty))
(/usr/local/texlive/2022/texmf-dist/tex/latex/pgf/utilities/pgffor.sty
(/usr/local/texlive/2022/texmf-dist/tex/generic/pgf/utilities/pgffor.code.tex
(/usr/local/texlive/2022/texmf-dist/tex/generic/pgf/math/pgfmath.code.tex)))
(/usr/local/texlive/2022/texmf-dist/tex/generic/pgf/frontendlayer/tikz/tikz.cod
e.tex
(/usr/local/texlive/2022/texmf-dist/tex/generic/pgf/libraries/pgflibraryplothan
dlers.code.tex)
(/usr/local/texlive/2022/texmf-dist/tex/generic/pgf/modules/pgfmodulematrix.cod
e.tex)
(/usr/local/texlive/2022/texmf-dist/tex/generic/pgf/frontendlayer/tikz/librarie
s/tikzlibrarytopaths.code.tex)))
(/usr/local/texlive/2022/texmf-dist/tex/generic/pgf/frontendlayer/tikz/librarie
s/tikzlibraryshadings.code.tex
(/usr/local/texlive/2022/texmf-dist/tex/generic/pgf/libraries/pgflibraryshading
s.code.tex)))
(/usr/local/texlive/2022/texmf-dist/tex/latex/multirow/multirow.sty)
(/usr/local/texlive/2022/texmf-dist/tex/latex/biblatex/biblatex.sty
(/usr/local/texlive/2022/texmf-dist/tex/latex/logreq/logreq.sty
(/usr/local/texlive/2022/texmf-dist/tex/latex/logreq/logreq.def))
(/usr/local/texlive/2022/texmf-dist/tex/latex/base/ifthen.sty)
(/usr/local/texlive/2022/texmf-dist/tex/latex/biblatex/blx-dm.def)
(/usr/local/texlive/2022/texmf-dist/tex/latex/biblatex/blx-compat.def)
(/usr/local/texlive/2022/texmf-dist/tex/latex/biblatex/biblatex.def)
(/usr/local/texlive/2022/texmf-dist/tex/latex/biblatex/bbx/authoryear.bbx
(/usr/local/texlive/2022/texmf-dist/tex/latex/biblatex/bbx/standard.bbx))
(/usr/local/texlive/2022/texmf-dist/tex/latex/biblatex/cbx/authoryear.cbx)
(/usr/local/texlive/2022/texmf-dist/tex/latex/biblatex/biblatex.cfg)
(/usr/local/texlive/2022/texmf-dist/tex/latex/biblatex/blx-case-expl3.sty))
(/usr/local/texlive/2022/texmf-dist/tex/latex/tools/bm.sty)
(/usr/local/texlive/2022/texmf-dist/tex/latex/changepage/changepage.sty)
(/usr/local/texlive/2022/texmf-dist/tex/latex/base/fontenc.sty)
(/usr/local/texlive/2022/texmf-dist/tex/latex/concmath/concmath.sty)
(/usr/local/texlive/2022/texmf-dist/tex/latex/jknapltx/mathrsfs.sty)
(/usr/local/texlive/2022/texmf-dist/tex/latex/easy/easytable.sty
Document Style `easytable' v1.0 <2001/06/13>.
(/usr/local/texlive/2022/texmf-dist/tex/latex/easy/easy.sty
Document Style `easy' v1.1 <2001/05/31>.
)) (/usr/local/texlive/2022/texmf-dist/tex/generic/xypic/xy.sty
(/usr/local/texlive/2022/texmf-dist/tex/generic/xypic/xy.tex Bootstrap'ing:
catcodes, docmode,
(/usr/local/texlive/2022/texmf-dist/tex/generic/xypic/xyrecat.tex)
(/usr/local/texlive/2022/texmf-dist/tex/generic/xypic/xyidioms.tex)

 Xy-pic version 3.8.9 <2013/10/06>
 Copyright (c) 1991-2013 by Kristoffer H. Rose <krisrose@tug.org> and others
 Xy-pic is free software: see the User's Guide for details.

Loading kernel: messages; fonts; allocations: state, direction,
utility macros; pictures: \xy, positions, objects, decorations;
kernel objects: directionals, circles, text; options; algorithms: directions,
edges, connections;  Xy-pic loaded)
(/usr/local/texlive/2022/texmf-dist/tex/generic/iftex/ifpdf.sty)
(/usr/local/texlive/2022/texmf-dist/tex/generic/xypic/xypdf.tex
 Xy-pic option: PDF driver v.1.7 loaded))
(/usr/local/texlive/2022/texmf-dist/tex/latex/wrapfig/wrapfig.sty)
(/usr/local/texlive/2022/texmf-dist/tex/latex/pgfplots/pgfplots.sty
(/usr/local/texlive/2022/texmf-dist/tex/generic/pgfplots/pgfplots.revision.tex)
(/usr/local/texlive/2022/texmf-dist/tex/generic/pgfplots/pgfplots.code.tex
(/usr/local/texlive/2022/texmf-dist/tex/generic/pgfplots/pgfplotscore.code.tex
(/usr/local/texlive/2022/texmf-dist/tex/generic/pgfplots/sys/pgfplotssysgeneric
.code.tex))
(/usr/local/texlive/2022/texmf-dist/tex/generic/pgfplots/libs/pgfplotslibrary.c
ode.tex)
(/usr/local/texlive/2022/texmf-dist/tex/generic/pgfplots/oldpgfcompatib/pgfplot
soldpgfsupp_loader.code.tex
(/usr/local/texlive/2022/texmf-dist/tex/generic/pgf/libraries/pgflibraryfpu.cod
e.tex))
(/usr/local/texlive/2022/texmf-dist/tex/generic/pgfplots/util/pgfplotsutil.code
.tex
(/usr/local/texlive/2022/texmf-dist/tex/generic/pgfplots/liststructure/pgfplots
liststructure.code.tex)
(/usr/local/texlive/2022/texmf-dist/tex/generic/pgfplots/liststructure/pgfplots
liststructureext.code.tex)
(/usr/local/texlive/2022/texmf-dist/tex/generic/pgfplots/liststructure/pgfplots
array.code.tex)
(/usr/local/texlive/2022/texmf-dist/tex/generic/pgfplots/liststructure/pgfplots
matrix.code.tex)
(/usr/local/texlive/2022/texmf-dist/tex/generic/pgfplots/numtable/pgfplotstable
shared.code.tex)
(/usr/local/texlive/2022/texmf-dist/tex/generic/pgfplots/liststructure/pgfplots
deque.code.tex)
(/usr/local/texlive/2022/texmf-dist/tex/generic/pgfplots/util/pgfplotsbinary.co
de.tex
(/usr/local/texlive/2022/texmf-dist/tex/generic/pgfplots/util/pgfplotsbinary.da
ta.code.tex))
(/usr/local/texlive/2022/texmf-dist/tex/generic/pgfplots/util/pgfplotsutil.verb
.code.tex)
(/usr/local/texlive/2022/texmf-dist/tex/generic/pgfplots/libs/pgflibrarypgfplot
s.surfshading.code.tex
(/usr/local/texlive/2022/texmf-dist/tex/generic/pgfplots/sys/pgflibrarypgfplots
.surfshading.pgfsys-pdftex.def)))
(/usr/local/texlive/2022/texmf-dist/tex/generic/pgfplots/util/pgfplotscolormap.
code.tex
(/usr/local/texlive/2022/texmf-dist/tex/generic/pgfplots/util/pgfplotscolor.cod
e.tex))
(/usr/local/texlive/2022/texmf-dist/tex/generic/pgfplots/pgfplotsstackedplots.c
ode.tex)
(/usr/local/texlive/2022/texmf-dist/tex/generic/pgfplots/pgfplotsplothandlers.c
ode.tex
(/usr/local/texlive/2022/texmf-dist/tex/generic/pgfplots/pgfplotsmeshplothandle
r.code.tex
(/usr/local/texlive/2022/texmf-dist/tex/generic/pgfplots/pgfplotsmeshplotimage.
code.tex)))
(/usr/local/texlive/2022/texmf-dist/tex/generic/pgfplots/pgfplots.scaling.code.
tex)
(/usr/local/texlive/2022/texmf-dist/tex/generic/pgfplots/pgfplotscoordprocessin
g.code.tex)
(/usr/local/texlive/2022/texmf-dist/tex/generic/pgfplots/pgfplots.errorbars.cod
e.tex)
(/usr/local/texlive/2022/texmf-dist/tex/generic/pgfplots/pgfplots.markers.code.
tex)
(/usr/local/texlive/2022/texmf-dist/tex/generic/pgfplots/pgfplotsticks.code.tex
)
(/usr/local/texlive/2022/texmf-dist/tex/generic/pgfplots/pgfplots.paths.code.te
x)
(/usr/local/texlive/2022/texmf-dist/tex/generic/pgf/frontendlayer/tikz/librarie
s/tikzlibrarydecorations.code.tex
(/usr/local/texlive/2022/texmf-dist/tex/generic/pgf/modules/pgfmoduledecoration
s.code.tex))
(/usr/local/texlive/2022/texmf-dist/tex/generic/pgf/frontendlayer/tikz/librarie
s/tikzlibrarydecorations.pathmorphing.code.tex
(/usr/local/texlive/2022/texmf-dist/tex/generic/pgf/libraries/decorations/pgfli
brarydecorations.pathmorphing.code.tex))
(/usr/local/texlive/2022/texmf-dist/tex/generic/pgf/frontendlayer/tikz/librarie
s/tikzlibrarydecorations.pathreplacing.code.tex
(/usr/local/texlive/2022/texmf-dist/tex/generic/pgf/libraries/decorations/pgfli
brarydecorations.pathreplacing.code.tex))
(/usr/local/texlive/2022/texmf-dist/tex/generic/pgfplots/libs/tikzlibrarypgfplo
ts.contourlua.code.tex))
(/usr/local/texlive/2022/texmf-dist/tex/generic/pgf/frontendlayer/tikz/librarie
s/tikzlibraryplotmarks.code.tex
(/usr/local/texlive/2022/texmf-dist/tex/generic/pgf/libraries/pgflibraryplotmar
ks.code.tex))) (/usr/local/texlive/2022/texmf-dist/tex/generic/soul/soul.sty)
(/usr/local/texlive/2022/texmf-dist/tex/latex/tools/verbatim.sty)
(/usr/local/texlive/2022/texmf-dist/tex/generic/pgf/frontendlayer/tikz/librarie
s/tikzlibrarymatrix.code.tex)
(/usr/local/texlive/2022/texmf-dist/tex/generic/pgf/frontendlayer/tikz/librarie
s/tikzlibrarypositioning.code.tex)
(/usr/local/texlive/2022/texmf-dist/tex/generic/pgf/frontendlayer/tikz/librarie
s/tikzlibraryarrows.code.tex
(/usr/local/texlive/2022/texmf-dist/tex/generic/pgf/libraries/pgflibraryarrows.
code.tex))
(/usr/local/texlive/2022/texmf-dist/tex/latex/tikzmark/tikzlibrarytikzmark.code
.tex
(/usr/local/texlive/2022/texmf-dist/tex/latex/l3packages/l3keys2e/l3keys2e.sty)
)
(/usr/local/texlive/2022/texmf-dist/tex/generic/pgf/frontendlayer/tikz/librarie
s/tikzlibraryfit.code.tex) (./beamerthememetropolis.sty
(/usr/local/texlive/2022/texmf-dist/tex/latex/pgfopts/pgfopts.sty)
(./beamerinnerthememetropolis.sty) (./beamerouterthememetropolis.sty)
(./beamercolorthememetropolis.sty) (./beamerfontthememetropolis.sty
(/usr/local/texlive/2022/texmf-dist/tex/generic/iftex/ifxetex.sty)
(/usr/local/texlive/2022/texmf-dist/tex/generic/iftex/ifluatex.sty)

Package beamerthememetropolis Warning: You need to compile with XeLaTeX or LuaL
aTeX to use the Fira fonts on input line 94.

))
(/usr/local/texlive/2022/texmf-dist/tex/latex/appendixnumberbeamer/appendixnumb
erbeamer.sty) (/usr/local/texlive/2022/texmf-dist/tex/latex/wasysym/wasysym.sty
) (/usr/local/texlive/2022/texmf-dist/tex/latex/booktabs/booktabs.sty)
(/usr/local/texlive/2022/texmf-dist/tex/latex/lm/lmodern.sty)
(/usr/local/texlive/2022/texmf-dist/tex/latex/tools/xspace.sty)
(/usr/local/texlive/2022/texmf-dist/tex/latex/float/float.sty)
(/usr/local/texlive/2022/texmf-dist/tex/latex/lipsum/lipsum.sty
(/usr/local/texlive/2022/texmf-dist/tex/latex/lipsum/lipsum.ltd.tex))
(/usr/local/texlive/2022/texmf-dist/tex/latex/media9/media9.sty
(/usr/local/texlive/2022/texmf-dist/tex/latex/media9/pdfbase.sty)
(/usr/local/texlive/2022/texmf-dist/tex/latex/ocgx2/ocgbase.sty))
(/usr/local/texlive/2022/texmf-dist/tex/latex/textpos/textpos.sty
Package: textpos 2020/09/26 1.10, absolute positioning of text on the page
Grid set 16 x 16 = 28.45274pt x 16.00467pt
TextBlockOrigin set to 0pt x 0pt
) (/usr/local/texlive/2022/texmf-dist/tex/latex/caption/caption.sty
(/usr/local/texlive/2022/texmf-dist/tex/latex/caption/caption3.sty
(/usr/local/texlive/2022/texmf-dist/tex/latex/caption/caption-beamer.sto)))
(/usr/local/texlive/2022/texmf-dist/tex/latex/beamertheme-metropolis/pgfplotsth
emetol.sty) (/usr/local/texlive/2022/texmf-dist/tex/latex/lm/t1lmss.fd)
(output/presentation.aux)
*geometry* driver: auto-detecting
*geometry* detected driver: pdftex
(/usr/local/texlive/2022/texmf-dist/tex/context/base/mkii/supp-pdf.mkii
[Loading MPS to PDF converter (version 2006.09.02).]
) (/usr/local/texlive/2022/texmf-dist/tex/latex/epstopdf-pkg/epstopdf-base.sty
(/usr/local/texlive/2022/texmf-dist/tex/latex/latexconfig/epstopdf-sys.cfg))
(/usr/local/texlive/2022/texmf-dist/tex/latex/hyperref/nameref.sty
(/usr/local/texlive/2022/texmf-dist/tex/latex/refcount/refcount.sty)
(/usr/local/texlive/2022/texmf-dist/tex/generic/gettitlestring/gettitlestring.s
ty)) (output/presentation.out) (output/presentation.out)
(/usr/local/texlive/2022/texmf-dist/tex/latex/translator/translator-basic-dicti
onary-English.dict)
(/usr/local/texlive/2022/texmf-dist/tex/latex/translator/translator-bibliograph
y-dictionary-English.dict)
(/usr/local/texlive/2022/texmf-dist/tex/latex/translator/translator-environment
-dictionary-English.dict)
(/usr/local/texlive/2022/texmf-dist/tex/latex/translator/translator-months-dict
ionary-English.dict)
(/usr/local/texlive/2022/texmf-dist/tex/latex/translator/translator-numbers-dic
tionary-English.dict)
(/usr/local/texlive/2022/texmf-dist/tex/latex/translator/translator-theorem-dic
tionary-English.dict)
(/usr/local/texlive/2022/texmf-dist/tex/latex/biblatex/lbx/english.lbx)
(output/presentation.bbl)
(/usr/local/texlive/2022/texmf-dist/tex/latex/lm/ot1lmr.fd)
(/usr/local/texlive/2022/texmf-dist/tex/latex/lm/omllmm.fd)
(/usr/local/texlive/2022/texmf-dist/tex/latex/lm/omslmsy.fd)
(/usr/local/texlive/2022/texmf-dist/tex/latex/lm/omxlmex.fd)
(/usr/local/texlive/2022/texmf-dist/tex/latex/amsfonts/umsa.fd)
(/usr/local/texlive/2022/texmf-dist/tex/latex/amsfonts/umsb.fd)
(/usr/local/texlive/2022/texmf-dist/tex/latex/jknapltx/ursfs.fd)
(/usr/local/texlive/2022/texmf-dist/tex/latex/wasysym/uwasy.fd)
Package pgfplots notification 'compat/show suggested version=true': you might b
enefit from \pgfplotsset{compat=1.18} (current compat level: 1.9).

(output/presentation.nav)
Overfull \vbox (18.28288pt too high) detected at line 142
[1{/usr/local/texlive/2022/texmf-var/fonts/map/pdftex/updmap/pdftex.map}]
(./a.1-intro_quickglassy/intro_quickglassy.tex
Overfull \vbox (22.08557pt too high) detected at line 84
[2]
Overfull \vbox (22.98206pt too high) detected at line 84
[3 <./intro_glassy/timerelax_b2o3_4.pdf>]
Overfull \vbox (22.98206pt too high) detected at line 84
[4 <./intro_glassy/softspots_280.png>]
Overfull \vbox (22.98206pt too high) detected at line 84
[5]
Overfull \vbox (22.98206pt too high) detected at line 84
[6 <./intro_glassy/timerelax_poly12_0.pdf>]
Overfull \vbox (22.98206pt too high) detected at line 84
[7 <./intro_glassy/timerelax_poly12_1.pdf>])
(./a.2-intro_dftheory/intro_dftheory.tex
Overfull \vbox (15.47429pt too high) detected at line 51
[8]
Overfull \vbox (15.47429pt too high) detected at line 51
[9 <./a.2-intro_dftheory/DF_Theory_Excitations_Zoom_0.pdf>]
Overfull \vbox (15.47429pt too high) detected at line 51
[10 <./a.2-intro_dftheory/DF_Theory_Excitations_Zoom_1.pdf>]
Overfull \vbox (15.47429pt too high) detected at line 51
[11 <./a.2-intro_dftheory/DF_Theory_Excitations_Zoom_2.pdf>]
Overfull \vbox (15.47429pt too high) detected at line 51
[12 <./a.2-intro_dftheory/facilitation_closer_1.pdf>]
Overfull \vbox (15.47429pt too high) detected at line 51
[13 <./a.2-intro_dftheory/facilitation_closer_2.pdf>])
(./a.3-edf_overview/intermezzo.tex

pdfTeX warning: pdflatex (file ./c.1-kt_msdintro/msd-supercooledliq-5.pdf): PDF
 inclusion: found PDF version <1.6>, but at most version <1.5> allowed

Overfull \vbox (93.47206pt too high) detected at line 54
[14 <./c.1-kt_msdintro/msd-supercooledliq-5.pdf>])
(./b.1-exc_pureshear/exc_pureshear.tex

pdfTeX warning: pdflatex (file ./b.1-exc_pureshear/zoomin-0.pdf): PDF inclusion
: found PDF version <1.6>, but at most version <1.5> allowed


pdfTeX warning: pdflatex (file ./b.1-exc_pureshear/zoomin-1.pdf): PDF inclusion
: found PDF version <1.6>, but at most version <1.5> allowed


pdfTeX warning: pdflatex (file ./b.1-exc_pureshear/zoomin-2.pdf): PDF inclusion
: found PDF version <1.6>, but at most version <1.5> allowed


pdfTeX warning: pdflatex (file ./b.1-exc_pureshear/zoomin-3.pdf): PDF inclusion
: found PDF version <1.6>, but at most version <1.5> allowed


pdfTeX warning: pdflatex (file ./b.1-exc_pureshear/T1transition.pdf): PDF inclu
sion: found PDF version <1.6>, but at most version <1.5> allowed

Overfull \vbox (11.26973pt too high) detected at line 80
[15]
Overfull \vbox (11.26973pt too high) detected at line 80
[16]
Overfull \vbox (11.26973pt too high) detected at line 80
[17 <./b.1-exc_pureshear/zoomout_dispmag.png>]
Overfull \vbox (11.26973pt too high) detected at line 80
[18 <./b.1-exc_pureshear/zoomout_dispvector.png>]
Overfull \vbox (11.26973pt too high) detected at line 80
[19 <./b.1-exc_pureshear/zoomout_dispvector_1.png>]
Overfull \vbox (11.26973pt too high) detected at line 80
[20 <./b.1-exc_pureshear/zoomin-0.pdf>]
Overfull \vbox (11.26973pt too high) detected at line 80
[21 <./b.1-exc_pureshear/zoomin-1.pdf>]
Overfull \vbox (11.26973pt too high) detected at line 80
[22 <./b.1-exc_pureshear/zoomin-2.pdf>]
Overfull \vbox (11.26973pt too high) detected at line 80
[23 <./b.1-exc_pureshear/zoomin-3.pdf>]
Overfull \vbox (11.26973pt too high) detected at line 80
[24 <./b.1-exc_pureshear/zoomin-7.pdf>]
Overfull \vbox (11.26973pt too high) detected at line 80
[25 <./b.1-exc_pureshear/zoomin-8.pdf>]
Overfull \vbox (11.26973pt too high) detected at line 80
[26 <./b.1-exc_pureshear/zoomin-9.pdf>]
Overfull \vbox (11.26973pt too high) detected at line 80
[27]
Overfull \vbox (11.26973pt too high) detected at line 80
[28]
Overfull \vbox (11.26973pt too high) detected at line 80
[29 <./b.1-exc_pureshear/T1transition.pdf>])
(./b.2-exc_results_1/exc_results_1.tex
(/usr/local/texlive/2022/texmf-dist/tex/latex/lm/ts1lmss.fd)
Overfull \vbox (18.09647pt too high) detected at line 42
[30]
Overfull \vbox (18.09647pt too high) detected at line 42
[31]
Overfull \vbox (18.09647pt too high) detected at line 42
[32 <./b.2-exc_results_1/dimshearmodulus.pdf>]
Overfull \vbox (18.09647pt too high) detected at line 42
[33]
Overfull \vbox (18.09647pt too high) detected at line 42
[34]
Overfull \vbox (18.09647pt too high) detected at line 42
[35 <./b.2-exc_results_1/csigma.pdf>]) (./b.3-exc_results_2/exc_results_2.tex

pdfTeX warning: pdflatex (file ./b.3-exc_results_2/giso-2.pdf): PDF inclusion: 
found PDF version <1.6>, but at most version <1.5> allowed

Overfull \vbox (2.78098pt too high) detected at line 49
[36]
Overfull \vbox (2.78098pt too high) detected at line 49
[37]
Overfull \vbox (2.78098pt too high) detected at line 49
[38]
Overfull \vbox (2.78098pt too high) detected at line 49
[39 <./b.3-exc_results_2/giso_lit.png>]
Overfull \vbox (2.78098pt too high) detected at line 49
[40 <./b.3-exc_results_2/giso-2.pdf>]) [41 <./ismeltingpaper_screen.png>]
(./c.1-kt_msdintro/kt_msdintro.tex

pdfTeX warning: pdflatex (file ./c.1-kt_msdintro/msd-supercooledliq-0.pdf): PDF
 inclusion: found PDF version <1.6>, but at most version <1.5> allowed


pdfTeX warning: pdflatex (file ./c.1-kt_msdintro/msd-supercooledliq-1.pdf): PDF
 inclusion: found PDF version <1.6>, but at most version <1.5> allowed


pdfTeX warning: pdflatex (file ./c.1-kt_msdintro/msd-supercooledliq-2.pdf): PDF
 inclusion: found PDF version <1.6>, but at most version <1.5> allowed


pdfTeX warning: pdflatex (file ./c.1-kt_msdintro/msd-supercooledliq-4.pdf): PDF
 inclusion: found PDF version <1.6>, but at most version <1.5> allowed

Overfull \vbox (11.90327pt too high) detected at line 67
[42]
Overfull \vbox (11.90327pt too high) detected at line 67
[43]
Overfull \vbox (11.90327pt too high) detected at line 67
[44 <./c.1-kt_msdintro/msd-supercooledliq-0.pdf>]
Overfull \vbox (11.90327pt too high) detected at line 67
[45 <./c.1-kt_msdintro/msd-supercooledliq-1.pdf>]
Overfull \vbox (11.90327pt too high) detected at line 67
[46]
Overfull \vbox (11.90327pt too high) detected at line 67
[47 <./c.1-kt_msdintro/msd-supercooledliq-2.pdf>]
Overfull \vbox (11.90327pt too high) detected at line 67
[48 <./c.1-kt_msdintro/msd-supercooledliq-4.pdf>]
Overfull \vbox (11.90327pt too high) detected at line 67
[49]
Overfull \vbox (11.90327pt too high) detected at line 67
[50]
Overfull \vbox (11.90327pt too high) detected at line 67
[51]
Overfull \vbox (11.90327pt too high) detected at line 67
[52]
Overfull \vbox (11.90327pt too high) detected at line 67
[53]) (./c.2-kt_geomcharges_1/kt_geomcharges.tex

pdfTeX warning: pdflatex (file ./c.2-kt_geomcharges_1/chargesequiv-2.pdf): PDF 
inclusion: found PDF version <1.6>, but at most version <1.5> allowed


pdfTeX warning: pdflatex (file ./c.2-kt_geomcharges_1/dipolemag.pdf): PDF inclu
sion: found PDF version <1.6>, but at most version <1.5> allowed

Overfull \hbox (13.2435pt too wide) detected at line 94
[] \OT1/lmr/m/n/9 = [] \OMS/lmsy/m/n/9 ^^@ []

Overfull \vbox (27.90303pt too high) detected at line 94
[54 <./c.2-kt_geomcharges_1/chargesequiv-2.pdf> <./c.2-kt_geomcharges_1/dipolem
ag.pdf>]) (./c.6-kt_energyentropy/kt_energyentropy.tex

pdfTeX warning: pdflatex (file ./c.6-kt_energyentropy/dofs_quadrupole-0.pdf): P
DF inclusion: found PDF version <1.6>, but at most version <1.5> allowed


pdfTeX warning: pdflatex (file ./c.6-kt_energyentropy/dofs_quadrupole-1.pdf): P
DF inclusion: found PDF version <1.6>, but at most version <1.5> allowed


pdfTeX warning: pdflatex (file ./c.6-kt_energyentropy/dofs_quadrupole-3.pdf): P
DF inclusion: found PDF version <1.6>, but at most version <1.5> allowed

Overfull \vbox (41.60344pt too high) detected at line 48
[55]
Overfull \vbox (41.60344pt too high) detected at line 48
[56 <./c.6-kt_energyentropy/dofs_quadrupole-0.pdf>]
Overfull \vbox (41.60344pt too high) detected at line 48
[57 <./c.6-kt_energyentropy/dofs_quadrupole-1.pdf>]
Overfull \vbox (41.60344pt too high) detected at line 48
[58 <./c.6-kt_energyentropy/dofs_quadrupole-3.pdf>])
(./c.7-kt_meltingscenario/kt_meltingscenario.tex

pdfTeX warning: pdflatex (file ./c.7-kt_meltingscenario/mechanism-0.pdf): PDF i
nclusion: found PDF version <1.6>, but at most version <1.5> allowed


pdfTeX warning: pdflatex (file ./c.7-kt_meltingscenario/mechanism-1.pdf): PDF i
nclusion: found PDF version <1.6>, but at most version <1.5> allowed

Overfull \vbox (7.18544pt too high) detected at line 48
[59]
Overfull \vbox (7.18544pt too high) detected at line 48
[60 <./c.7-kt_meltingscenario/mechanism-0.pdf>]
Overfull \vbox (7.18544pt too high) detected at line 48
[61]
Overfull \vbox (7.18544pt too high) detected at line 48
[62]
Overfull \vbox (7.18544pt too high) detected at line 48
[63 <./c.7-kt_meltingscenario/mechanism-1.pdf>]
Overfull \vbox (7.18544pt too high) detected at line 48
[64]
Overfull \vbox (7.18544pt too high) detected at line 48
[65] [66]) (./c.8-kt_results_1/kt_results.tex
(/usr/local/texlive/2022/texmf-dist/tex/latex/lm/t1lmtt.fd)

pdfTeX warning: pdflatex (file ./c.8-kt_results_1/new-mechanism-0.pdf): PDF inc
lusion: found PDF version <1.6>, but at most version <1.5> allowed

Overfull \hbox (0.58324pt too wide) detected at line 124
[]

Overfull \vbox (6.63614pt too high) detected at line 124
[67]
Overfull \hbox (0.58324pt too wide) detected at line 124
[]

Overfull \vbox (6.63614pt too high) detected at line 124
[68]
Overfull \hbox (0.58324pt too wide) detected at line 124
[]

Overfull \vbox (6.63614pt too high) detected at line 124
[69 <./c.8-kt_results_1/new-mechanism-0.pdf>]
Overfull \hbox (0.58324pt too wide) detected at line 124
[]

Overfull \vbox (12.93614pt too high) detected at line 124
[70]
Overfull \hbox (0.58324pt too wide) detected at line 124
[]

Overfull \vbox (12.93614pt too high) detected at line 124
[71]
Overfull \hbox (0.58324pt too wide) detected at line 124
[]

Overfull \vbox (12.93614pt too high) detected at line 124
[72]) (./c.10-kt_merminwagner_1/kt_merminwagner.tex
Overfull \vbox (4.55106pt too high) detected at line 38
[73 <./c.10-kt_merminwagner_1/merminwagner_comparison_0.pdf> <./c.10-kt_merminw
agner_1/merminwagner_comparison_1.pdf>]
Overfull \vbox (4.55106pt too high) detected at line 38
[74]
Overfull \vbox (4.55106pt too high) detected at line 38
[75]) (./c.13-kt_keim_1/kt_keim.tex

pdfTeX warning: pdflatex (file ./c.13-kt_keim_1/keim_setup_0.pdf): PDF inclusio
n: found PDF version <1.6>, but at most version <1.5> allowed


pdfTeX warning: pdflatex (file ./c.13-kt_keim_1/keim_setup_1.pdf): PDF inclusio
n: found PDF version <1.6>, but at most version <1.5> allowed


pdfTeX warning: pdflatex (file ./c.13-kt_keim_1/keim_setup_2.pdf): PDF inclusio
n: found PDF version <1.6>, but at most version <1.5> allowed

Overfull \vbox (178.91501pt too high) detected at line 130
[76]
Overfull \vbox (178.91501pt too high) detected at line 130
[77]
Overfull \vbox (178.91501pt too high) detected at line 130
[78]
Overfull \vbox (178.91501pt too high) detected at line 130
[79 <./c.13-kt_keim_1/Yrenorm_poly12.pdf>]
Overfull \vbox (178.91501pt too high) detected at line 130
[80]
Overfull \vbox (178.91501pt too high) detected at line 130
[81 <./c.13-kt_keim_1/keim_setup_0.pdf>]
Overfull \vbox (178.91501pt too high) detected at line 130
[82 <./c.13-kt_keim_1/keim_setup_1.pdf>]
Overfull \vbox (178.91501pt too high) detected at line 130
[83]
Overfull \vbox (178.91501pt too high) detected at line 130
[84 <./c.13-kt_keim_1/keim_setup_2.pdf>]
Overfull \vbox (178.91501pt too high) detected at line 130
[85]
Overfull \vbox (178.91501pt too high) detected at line 130
[86 <./c.13-kt_keim_1/YRG_keim_exp_0.pdf>]
Overfull \vbox (178.91501pt too high) detected at line 130
[87]
Overfull \vbox (178.91501pt too high) detected at line 130
[88 <./c.13-kt_keim_1/YRG_keim_exp_1.pdf>]
Overfull \vbox (178.91501pt too high) detected at line 130
[89 <./c.13-kt_keim_1/YRG_keim.pdf>]
Overfull \vbox (178.91501pt too high) detected at line 130
[90 <./c.13-kt_keim_1/YRG_keim_closeup.pdf>]
Overfull \vbox (178.91501pt too high) detected at line 130
[91 <./c.13-kt_keim_1/msd_keim.png>]
Overfull \vbox (178.91501pt too high) detected at line 130
[92 <./c.13-kt_keim_1/msd_keim_1.png>]
Overfull \vbox (178.91501pt too high) detected at line 130
[93]) (./c.15-kt_spatialcorrel/kt_spatialcorrel.tex
Overfull \vbox (13.55333pt too high) detected at line 44
[94]
Overfull \vbox (13.55333pt too high) detected at line 44
[95]
Overfull \vbox (13.55333pt too high) detected at line 44
[96]
Overfull \vbox (13.55333pt too high) detected at line 44
[97]
Overfull \vbox (13.55333pt too high) detected at line 44
[98 <./c.15-kt_spatialcorrel/spatialcorrel.pdf>]
Overfull \vbox (13.55333pt too high) detected at line 44
[99]) (./d.1-fac_intro/fac_intro.tex

pdfTeX warning: pdflatex (file ./d.1-fac_intro/interlude1.pdf): PDF inclusion: 
found PDF version <1.6>, but at most version <1.5> allowed


pdfTeX warning: pdflatex (file ./d.1-fac_intro/interlude2.pdf): PDF inclusion: 
found PDF version <1.6>, but at most version <1.5> allowed


pdfTeX warning: pdflatex (file ./d.1-fac_intro/bare_test_0.pdf): PDF inclusion:
 found PDF version <1.6>, but at most version <1.5> allowed


pdfTeX warning: pdflatex (file ./d.1-fac_intro/bare_test_3.pdf): PDF inclusion:
 found PDF version <1.6>, but at most version <1.5> allowed


pdfTeX warning: pdflatex (file ./d.1-fac_intro/test_3.pdf): PDF inclusion: foun
d PDF version <1.6>, but at most version <1.5> allowed


pdfTeX warning: pdflatex (file ./d.1-fac_intro/test_6.pdf): PDF inclusion: foun
d PDF version <1.6>, but at most version <1.5> allowed

Overfull \vbox (23.35045pt too high) detected at line 60
[100]
Overfull \vbox (23.35045pt too high) detected at line 60
[101 <./d.1-fac_intro/interlude1.pdf>]
Overfull \vbox (23.35045pt too high) detected at line 60
[102 <./d.1-fac_intro/interlude2.pdf>]
Overfull \vbox (23.35045pt too high) detected at line 60
[103 <./d.1-fac_intro/bare_test_0.pdf>]
Overfull \vbox (23.35045pt too high) detected at line 60
[104 <./d.1-fac_intro/bare_test_3.pdf>]
Overfull \vbox (23.35045pt too high) detected at line 60
[105]
Overfull \vbox (23.35045pt too high) detected at line 60
[106 <./d.1-fac_intro/test_3.pdf>]
Overfull \vbox (23.35045pt too high) detected at line 60
[107 <./d.1-fac_intro/test_6.pdf>]
Overfull \vbox (23.35045pt too high) detected at line 60
[108]
Overfull \vbox (23.35045pt too high) detected at line 60
[109]
Overfull \vbox (23.35045pt too high) detected at line 60
[110]
Overfull \vbox (23.35045pt too high) detected at line 60
[111]
Overfull \vbox (23.35045pt too high) detected at line 60
[112]) (./d.2-fac_intrc_1/fac_intrc.tex [113] [114]

pdfTeX warning: pdflatex (file ./d.2-fac_intrc_1/excconfig2.pdf): PDF inclusion
: found PDF version <1.6>, but at most version <1.5> allowed

Overfull \vbox (72.20912pt too high) detected at line 105
[115 <./d.2-fac_intrc_1/excconfig2.pdf>]

pdfTeX warning: pdflatex (file ./d.4-fac_results_1/minima.pdf): PDF inclusion: 
found PDF version <1.6>, but at most version <1.5> allowed

Overfull \vbox (68.29839pt too high) detected at line 105
[116 <./d.4-fac_results_1/minima.pdf>]

pdfTeX warning: pdflatex (file ./d.2-fac_intrc_1/pes.pdf): PDF inclusion: found
 PDF version <1.6>, but at most version <1.5> allowed

Overfull \vbox (12.16171pt too high) detected at line 105
[117 <./d.2-fac_intrc_1/pes.pdf>]
Overfull \vbox (12.16171pt too high) detected at line 105
[118]) (./d.4-fac_results_1/fac_results_1.tex<<VPlayer.swf>><<d.4-fac_results_1
/displowT.mp4>>

pdfTeX warning: pdflatex (file ./d.4-fac_results_1/out-700.pdf): PDF inclusion:
 found PDF version <1.6>, but at most version <1.5> allowed
<<d.4-fac_results_1/persistlowT.mp4>>

pdfTeX warning: pdflatex (file ./d.4-fac_results_1/persout-012.pdf): PDF inclus
ion: found PDF version <1.6>, but at most version <1.5> allowed

Overfull \vbox (13.60052pt too high) detected at line 42
[119 <./d.4-fac_results_1/displowT3.png>]
Overfull \vbox (15.29297pt too high) detected at line 42
[120 <./d.4-fac_results_1/out-700.pdf>]
Overfull \vbox (15.85052pt too high) detected at line 42
[121 <./d.4-fac_results_1/persistlowT3.png>]
Overfull \vbox (28.44295pt too high) detected at line 42
[122 <./d.4-fac_results_1/persout-012.pdf>] [123])
(./d.5-fac_results_2/fac_results_2.tex

pdfTeX warning: pdflatex (file ./d.5-fac_results_2/surveyresults1.pdf): PDF inc
lusion: found PDF version <1.6>, but at most version <1.5> allowed


pdfTeX warning: pdflatex (file ./d.5-fac_results_2/surveyresults2.pdf): PDF inc
lusion: found PDF version <1.6>, but at most version <1.5> allowed


pdfTeX warning: pdflatex (file ./d.5-fac_results_2/surveyresults3.pdf): PDF inc
lusion: found PDF version <1.6>, but at most version <1.5> allowed


pdfTeX warning: pdflatex (file ./d.5-fac_results_2/surveyresults.pdf): PDF incl
usion: found PDF version <1.6>, but at most version <1.5> allowed

Overfull \vbox (9.74269pt too high) detected at line 11
[124 <./d.5-fac_results_2/surveyresults1.pdf>]
Overfull \vbox (9.74269pt too high) detected at line 11
[125 <./d.5-fac_results_2/surveyresults2.pdf>]
Overfull \vbox (9.74269pt too high) detected at line 11
[126 <./d.5-fac_results_2/surveyresults3.pdf>]
Overfull \vbox (9.74269pt too high) detected at line 11
[127 <./d.5-fac_results_2/surveyresults.pdf>])
(./d.6-fac_results_3/fac_results_3.tex

pdfTeX warning: pdflatex (file ./d.6-fac_results_3/pes.pdf): PDF inclusion: fou
nd PDF version <1.6>, but at most version <1.5> allowed


pdfTeX warning: pdflatex (file ./d.6-fac_results_3/newmsdphonons0.pdf): PDF inc
lusion: found PDF version <1.6>, but at most version <1.5> allowed


pdfTeX warning: pdflatex (file ./d.6-fac_results_3/ismsdmd.pdf): PDF inclusion:
 found PDF version <1.6>, but at most version <1.5> allowed


pdfTeX warning: pdflatex (file ./d.6-fac_results_3/newmsdphonons1.pdf): PDF inc
lusion: found PDF version <1.6>, but at most version <1.5> allowed

Overfull \vbox (32.47269pt too high) detected at line 63
[128]
Overfull \vbox (32.47269pt too high) detected at line 63
[129 <./d.6-fac_results_3/pes.pdf>]
Overfull \vbox (32.47269pt too high) detected at line 63
[130]
Overfull \vbox (32.47269pt too high) detected at line 63
[131]
Overfull \vbox (32.47269pt too high) detected at line 63
[132 <./d.6-fac_results_3/newmsdphonons0.pdf>]
Overfull \vbox (32.47269pt too high) detected at line 63
[133 <./d.6-fac_results_3/ismsdmd.pdf>]
Overfull \vbox (32.47269pt too high) detected at line 63
[134]
Overfull \vbox (32.47269pt too high) detected at line 63
[135 <./d.6-fac_results_3/newmsdphonons1.pdf>])
(./e.1-acknowledgements/acknowledgements.tex
Overfull \vbox (9.40187pt too high) detected at line 39
[136 <./acknowledgements/index.jpg> <./acknowledgements/image912.png> <./d.6-fa
c_results_3/persistlowT3.png>]
Overfull \vbox (9.40187pt too high) detected at line 39
[137]
Overfull \vbox (9.40187pt too high) detected at line 39
[138]
Overfull \vbox (9.40187pt too high) detected at line 39
[139])

pdfTeX warning: pdflatex (file ./d.1-fac_intro/taubwithirrev.pdf): PDF inclusio
n: found PDF version <1.6>, but at most version <1.5> allowed

Overfull \vbox (46.65074pt too high) detected at line 218
[140]
Overfull \vbox (46.65074pt too high) detected at line 218
[141 <./d.6-fac_results_3/persistlowT.jpg>]
Overfull \vbox (46.65074pt too high) detected at line 218
[142]
Overfull \vbox (46.65074pt too high) detected at line 218
[143 <./d.1-fac_intro/taubwithirrev.pdf>]
Overfull \vbox (46.65074pt too high) detected at line 218
[144] (output/presentation.aux) )
(see the transcript file for additional information){/usr/local/texlive/2022/te
xmf-dist/fonts/enc/dvips/lm/lm-rm.enc}{/usr/local/texlive/2022/texmf-dist/fonts
/enc/dvips/lm/lm-mathsy.enc}{/usr/local/texlive/2022/texmf-dist/fonts/enc/dvips
/lm/lm-ec.enc}{/usr/local/texlive/2022/texmf-dist/fonts/enc/dvips/lm/lm-mathit.
enc}{/usr/local/texlive/2022/texmf-dist/fonts/enc/dvips/lm/lm-ts1.enc}{/usr/loc
al/texlive/2022/texmf-dist/fonts/enc/dvips/lm/lm-mathex.enc}</usr/local/texlive
/2022/texmf-dist/fonts/type1/public/amsfonts/cm/cmbx9.pfb></usr/local/texlive/2
022/texmf-dist/fonts/type1/public/amsfonts/cm/cmex10.pfb></usr/local/texlive/20
22/texmf-dist/fonts/type1/public/amsfonts/cm/cmmi10.pfb></usr/local/texlive/202
2/texmf-dist/fonts/type1/public/amsfonts/cm/cmmi12.pfb></usr/local/texlive/2022
/texmf-dist/fonts/type1/public/amsfonts/cm/cmr10.pfb></usr/local/texlive/2022/t
exmf-dist/fonts/type1/public/amsfonts/cm/cmr12.pfb></usr/local/texlive/2022/tex
mf-dist/fonts/type1/public/amsfonts/cm/cmr17.pfb></usr/local/texlive/2022/texmf
-dist/fonts/type1/public/amsfonts/cm/cmr8.pfb></usr/local/texlive/2022/texmf-di
st/fonts/type1/public/amsfonts/cm/cmsy10.pfb></usr/local/texlive/2022/texmf-dis
t/fonts/type1/public/lm/lmbx6.pfb></usr/local/texlive/2022/texmf-dist/fonts/typ
e1/public/lm/lmbx8.pfb></usr/local/texlive/2022/texmf-dist/fonts/type1/public/l
m/lmbx9.pfb></usr/local/texlive/2022/texmf-dist/fonts/type1/public/lm/lmex10.pf
b></usr/local/texlive/2022/texmf-dist/fonts/type1/public/lm/lmmi10.pfb></usr/lo
cal/texlive/2022/texmf-dist/fonts/type1/public/lm/lmmi5.pfb></usr/local/texlive
/2022/texmf-dist/fonts/type1/public/lm/lmmi6.pfb></usr/local/texlive/2022/texmf
-dist/fonts/type1/public/lm/lmmi7.pfb></usr/local/texlive/2022/texmf-dist/fonts
/type1/public/lm/lmmi8.pfb></usr/local/texlive/2022/texmf-dist/fonts/type1/publ
ic/lm/lmmi9.pfb></usr/local/texlive/2022/texmf-dist/fonts/type1/public/lm/lmr5.
pfb></usr/local/texlive/2022/texmf-dist/fonts/type1/public/lm/lmr6.pfb></usr/lo
cal/texlive/2022/texmf-dist/fonts/type1/public/lm/lmr7.pfb></usr/local/texlive/
2022/texmf-dist/fonts/type1/public/lm/lmr8.pfb></usr/local/texlive/2022/texmf-d
ist/fonts/type1/public/lm/lmr9.pfb></usr/local/texlive/2022/texmf-dist/fonts/ty
pe1/public/lm/lmss10.pfb></usr/local/texlive/2022/texmf-dist/fonts/type1/public
/lm/lmss8.pfb></usr/local/texlive/2022/texmf-dist/fonts/type1/public/lm/lmss9.p
fb></usr/local/texlive/2022/texmf-dist/fonts/type1/public/lm/lmssbx10.pfb></usr
/local/texlive/2022/texmf-dist/fonts/type1/public/lm/lmsso8.pfb></usr/local/tex
live/2022/texmf-dist/fonts/type1/public/lm/lmsso9.pfb></usr/local/texlive/2022/
texmf-dist/fonts/type1/public/lm/lmsy10.pfb></usr/local/texlive/2022/texmf-dist
/fonts/type1/public/lm/lmsy5.pfb></usr/local/texlive/2022/texmf-dist/fonts/type
1/public/lm/lmsy6.pfb></usr/local/texlive/2022/texmf-dist/fonts/type1/public/lm
/lmsy8.pfb></usr/local/texlive/2022/texmf-dist/fonts/type1/public/lm/lmsy9.pfb>
</usr/local/texlive/2022/texmf-dist/fonts/type1/public/lm/lmtt8.pfb></usr/local
/texlive/2022/texmf-dist/fonts/type1/urw/helvetic/uhvr8a.pfb>
Output written on output/presentation.pdf (144 pages, 151472294 bytes).
Transcript written on output/presentation.log.
This is pdfTeX, Version 3.141592653-2.6-1.40.24 (TeX Live 2022) (preloaded format=pdflatex)
 restricted \write18 enabled.
entering extended mode
(./presentation.tex
LaTeX2e <2021-11-15> patch level 1
L3 programming layer <2022-02-24>
(/usr/local/texlive/2022/texmf-dist/tex/latex/beamer/beamer.cls
Document Class: beamer 2022/02/08 v3.66 A class for typesetting presentations
(/usr/local/texlive/2022/texmf-dist/tex/latex/beamer/beamerbasemodes.sty
(/usr/local/texlive/2022/texmf-dist/tex/latex/etoolbox/etoolbox.sty)
(/usr/local/texlive/2022/texmf-dist/tex/latex/beamer/beamerbasedecode.sty))
(/usr/local/texlive/2022/texmf-dist/tex/generic/iftex/iftex.sty)
(/usr/local/texlive/2022/texmf-dist/tex/latex/beamer/beamerbaseoptions.sty
(/usr/local/texlive/2022/texmf-dist/tex/latex/graphics/keyval.sty))
(/usr/local/texlive/2022/texmf-dist/tex/latex/geometry/geometry.sty
(/usr/local/texlive/2022/texmf-dist/tex/generic/iftex/ifvtex.sty))
(/usr/local/texlive/2022/texmf-dist/tex/latex/pgf/math/pgfmath.sty
(/usr/local/texlive/2022/texmf-dist/tex/latex/pgf/utilities/pgfrcs.sty
(/usr/local/texlive/2022/texmf-dist/tex/generic/pgf/utilities/pgfutil-common.te
x
(/usr/local/texlive/2022/texmf-dist/tex/generic/pgf/utilities/pgfutil-common-li
sts.tex))
(/usr/local/texlive/2022/texmf-dist/tex/generic/pgf/utilities/pgfutil-latex.def
) (/usr/local/texlive/2022/texmf-dist/tex/generic/pgf/utilities/pgfrcs.code.tex
(/usr/local/texlive/2022/texmf-dist/tex/generic/pgf/pgf.revision.tex)))
(/usr/local/texlive/2022/texmf-dist/tex/latex/pgf/utilities/pgfkeys.sty
(/usr/local/texlive/2022/texmf-dist/tex/generic/pgf/utilities/pgfkeys.code.tex
(/usr/local/texlive/2022/texmf-dist/tex/generic/pgf/utilities/pgfkeysfiltered.c
ode.tex)))
(/usr/local/texlive/2022/texmf-dist/tex/generic/pgf/math/pgfmath.code.tex
(/usr/local/texlive/2022/texmf-dist/tex/generic/pgf/math/pgfmathcalc.code.tex
(/usr/local/texlive/2022/texmf-dist/tex/generic/pgf/math/pgfmathutil.code.tex)
(/usr/local/texlive/2022/texmf-dist/tex/generic/pgf/math/pgfmathparser.code.tex
)
(/usr/local/texlive/2022/texmf-dist/tex/generic/pgf/math/pgfmathfunctions.code.
tex
(/usr/local/texlive/2022/texmf-dist/tex/generic/pgf/math/pgfmathfunctions.basic
.code.tex)
(/usr/local/texlive/2022/texmf-dist/tex/generic/pgf/math/pgfmathfunctions.trigo
nometric.code.tex)
(/usr/local/texlive/2022/texmf-dist/tex/generic/pgf/math/pgfmathfunctions.rando
m.code.tex)
(/usr/local/texlive/2022/texmf-dist/tex/generic/pgf/math/pgfmathfunctions.compa
rison.code.tex)
(/usr/local/texlive/2022/texmf-dist/tex/generic/pgf/math/pgfmathfunctions.base.
code.tex)
(/usr/local/texlive/2022/texmf-dist/tex/generic/pgf/math/pgfmathfunctions.round
.code.tex)
(/usr/local/texlive/2022/texmf-dist/tex/generic/pgf/math/pgfmathfunctions.misc.
code.tex)
(/usr/local/texlive/2022/texmf-dist/tex/generic/pgf/math/pgfmathfunctions.integ
erarithmetics.code.tex)))
(/usr/local/texlive/2022/texmf-dist/tex/generic/pgf/math/pgfmathfloat.code.tex)
))

Class beamer Warning: ``professionalfont'' option is obsolete. Use font theme `
`professionalfonts'' instead on input line 357.

(/usr/local/texlive/2022/texmf-dist/tex/latex/extsizes/size9.clo)
(/usr/local/texlive/2022/texmf-dist/tex/latex/pgf/basiclayer/pgfcore.sty
(/usr/local/texlive/2022/texmf-dist/tex/latex/graphics/graphicx.sty
(/usr/local/texlive/2022/texmf-dist/tex/latex/graphics/graphics.sty
(/usr/local/texlive/2022/texmf-dist/tex/latex/graphics/trig.sty)
(/usr/local/texlive/2022/texmf-dist/tex/latex/graphics-cfg/graphics.cfg)
(/usr/local/texlive/2022/texmf-dist/tex/latex/graphics-def/pdftex.def)))
(/usr/local/texlive/2022/texmf-dist/tex/latex/pgf/systemlayer/pgfsys.sty
(/usr/local/texlive/2022/texmf-dist/tex/generic/pgf/systemlayer/pgfsys.code.tex
(/usr/local/texlive/2022/texmf-dist/tex/generic/pgf/utilities/pgfkeys.code.tex)
(/usr/local/texlive/2022/texmf-dist/tex/generic/pgf/systemlayer/pgf.cfg)
(/usr/local/texlive/2022/texmf-dist/tex/generic/pgf/systemlayer/pgfsys-pdftex.d
ef
(/usr/local/texlive/2022/texmf-dist/tex/generic/pgf/systemlayer/pgfsys-common-p
df.def)))
(/usr/local/texlive/2022/texmf-dist/tex/generic/pgf/systemlayer/pgfsyssoftpath.
code.tex)
(/usr/local/texlive/2022/texmf-dist/tex/generic/pgf/systemlayer/pgfsysprotocol.
code.tex)) (/usr/local/texlive/2022/texmf-dist/tex/latex/xcolor/xcolor.sty
(/usr/local/texlive/2022/texmf-dist/tex/latex/graphics-cfg/color.cfg))
(/usr/local/texlive/2022/texmf-dist/tex/generic/pgf/basiclayer/pgfcore.code.tex
(/usr/local/texlive/2022/texmf-dist/tex/generic/pgf/math/pgfmath.code.tex)
(/usr/local/texlive/2022/texmf-dist/tex/generic/pgf/math/pgfint.code.tex)
(/usr/local/texlive/2022/texmf-dist/tex/generic/pgf/basiclayer/pgfcorepoints.co
de.tex)
(/usr/local/texlive/2022/texmf-dist/tex/generic/pgf/basiclayer/pgfcorepathconst
ruct.code.tex)
(/usr/local/texlive/2022/texmf-dist/tex/generic/pgf/basiclayer/pgfcorepathusage
.code.tex)
(/usr/local/texlive/2022/texmf-dist/tex/generic/pgf/basiclayer/pgfcorescopes.co
de.tex)
(/usr/local/texlive/2022/texmf-dist/tex/generic/pgf/basiclayer/pgfcoregraphicst
ate.code.tex)
(/usr/local/texlive/2022/texmf-dist/tex/generic/pgf/basiclayer/pgfcoretransform
ations.code.tex)
(/usr/local/texlive/2022/texmf-dist/tex/generic/pgf/basiclayer/pgfcorequick.cod
e.tex)
(/usr/local/texlive/2022/texmf-dist/tex/generic/pgf/basiclayer/pgfcoreobjects.c
ode.tex)
(/usr/local/texlive/2022/texmf-dist/tex/generic/pgf/basiclayer/pgfcorepathproce
ssing.code.tex)
(/usr/local/texlive/2022/texmf-dist/tex/generic/pgf/basiclayer/pgfcorearrows.co
de.tex)
(/usr/local/texlive/2022/texmf-dist/tex/generic/pgf/basiclayer/pgfcoreshade.cod
e.tex)
(/usr/local/texlive/2022/texmf-dist/tex/generic/pgf/basiclayer/pgfcoreimage.cod
e.tex
(/usr/local/texlive/2022/texmf-dist/tex/generic/pgf/basiclayer/pgfcoreexternal.
code.tex))
(/usr/local/texlive/2022/texmf-dist/tex/generic/pgf/basiclayer/pgfcorelayers.co
de.tex)
(/usr/local/texlive/2022/texmf-dist/tex/generic/pgf/basiclayer/pgfcoretranspare
ncy.code.tex)
(/usr/local/texlive/2022/texmf-dist/tex/generic/pgf/basiclayer/pgfcorepatterns.
code.tex)
(/usr/local/texlive/2022/texmf-dist/tex/generic/pgf/basiclayer/pgfcorerdf.code.
tex))) (/usr/local/texlive/2022/texmf-dist/tex/latex/pgf/utilities/xxcolor.sty)
 (/usr/local/texlive/2022/texmf-dist/tex/latex/base/atbegshi-ltx.sty)
(/usr/local/texlive/2022/texmf-dist/tex/latex/hyperref/hyperref.sty
(/usr/local/texlive/2022/texmf-dist/tex/generic/ltxcmds/ltxcmds.sty)
(/usr/local/texlive/2022/texmf-dist/tex/generic/pdftexcmds/pdftexcmds.sty
(/usr/local/texlive/2022/texmf-dist/tex/generic/infwarerr/infwarerr.sty))
(/usr/local/texlive/2022/texmf-dist/tex/generic/kvsetkeys/kvsetkeys.sty)
(/usr/local/texlive/2022/texmf-dist/tex/generic/kvdefinekeys/kvdefinekeys.sty)
(/usr/local/texlive/2022/texmf-dist/tex/generic/pdfescape/pdfescape.sty)
(/usr/local/texlive/2022/texmf-dist/tex/latex/hycolor/hycolor.sty)
(/usr/local/texlive/2022/texmf-dist/tex/latex/letltxmacro/letltxmacro.sty)
(/usr/local/texlive/2022/texmf-dist/tex/latex/auxhook/auxhook.sty)
(/usr/local/texlive/2022/texmf-dist/tex/latex/kvoptions/kvoptions.sty)
(/usr/local/texlive/2022/texmf-dist/tex/latex/hyperref/pd1enc.def)
(/usr/local/texlive/2022/texmf-dist/tex/generic/intcalc/intcalc.sty)
(/usr/local/texlive/2022/texmf-dist/tex/generic/etexcmds/etexcmds.sty)
(/usr/local/texlive/2022/texmf-dist/tex/latex/hyperref/puenc.def)
(/usr/local/texlive/2022/texmf-dist/tex/latex/url/url.sty)
(/usr/local/texlive/2022/texmf-dist/tex/generic/bitset/bitset.sty
(/usr/local/texlive/2022/texmf-dist/tex/generic/bigintcalc/bigintcalc.sty))

Package hyperref Message: Stopped early.

) (/usr/local/texlive/2022/texmf-dist/tex/latex/hyperref/hpdftex.def
(/usr/local/texlive/2022/texmf-dist/tex/latex/base/atveryend-ltx.sty)
(/usr/local/texlive/2022/texmf-dist/tex/latex/rerunfilecheck/rerunfilecheck.sty

(/usr/local/texlive/2022/texmf-dist/tex/generic/uniquecounter/uniquecounter.sty
))) (/usr/local/texlive/2022/texmf-dist/tex/latex/beamer/beamerbaserequires.sty

(/usr/local/texlive/2022/texmf-dist/tex/latex/beamer/beamerbasecompatibility.st
y) (/usr/local/texlive/2022/texmf-dist/tex/latex/beamer/beamerbasefont.sty
(/usr/local/texlive/2022/texmf-dist/tex/latex/amsfonts/amssymb.sty
(/usr/local/texlive/2022/texmf-dist/tex/latex/amsfonts/amsfonts.sty))
(/usr/local/texlive/2022/texmf-dist/tex/latex/sansmathaccent/sansmathaccent.sty
(/usr/local/texlive/2022/texmf-dist/tex/latex/koma-script/scrlfile.sty
(/usr/local/texlive/2022/texmf-dist/tex/latex/koma-script/scrlfile-hook.sty
(/usr/local/texlive/2022/texmf-dist/tex/latex/koma-script/scrlogo.sty)))))
(/usr/local/texlive/2022/texmf-dist/tex/latex/beamer/beamerbasetranslator.sty
(/usr/local/texlive/2022/texmf-dist/tex/latex/translator/translator.sty))
(/usr/local/texlive/2022/texmf-dist/tex/latex/beamer/beamerbasemisc.sty)
(/usr/local/texlive/2022/texmf-dist/tex/latex/beamer/beamerbasetwoscreens.sty)
(/usr/local/texlive/2022/texmf-dist/tex/latex/beamer/beamerbaseoverlay.sty)
(/usr/local/texlive/2022/texmf-dist/tex/latex/beamer/beamerbasetitle.sty)
(/usr/local/texlive/2022/texmf-dist/tex/latex/beamer/beamerbasesection.sty)
(/usr/local/texlive/2022/texmf-dist/tex/latex/beamer/beamerbaseframe.sty)
(/usr/local/texlive/2022/texmf-dist/tex/latex/beamer/beamerbaseverbatim.sty)
(/usr/local/texlive/2022/texmf-dist/tex/latex/beamer/beamerbaseframesize.sty)
(/usr/local/texlive/2022/texmf-dist/tex/latex/beamer/beamerbaseframecomponents.
sty) (/usr/local/texlive/2022/texmf-dist/tex/latex/beamer/beamerbasecolor.sty)
(/usr/local/texlive/2022/texmf-dist/tex/latex/beamer/beamerbasenotes.sty)
(/usr/local/texlive/2022/texmf-dist/tex/latex/beamer/beamerbasetoc.sty)
(/usr/local/texlive/2022/texmf-dist/tex/latex/beamer/beamerbasetemplates.sty
(/usr/local/texlive/2022/texmf-dist/tex/latex/beamer/beamerbaseauxtemplates.sty
(/usr/local/texlive/2022/texmf-dist/tex/latex/beamer/beamerbaseboxes.sty)))
(/usr/local/texlive/2022/texmf-dist/tex/latex/beamer/beamerbaselocalstructure.s
ty (/usr/local/texlive/2022/texmf-dist/tex/latex/tools/enumerate.sty))
(/usr/local/texlive/2022/texmf-dist/tex/latex/beamer/beamerbasenavigation.sty)
(/usr/local/texlive/2022/texmf-dist/tex/latex/beamer/beamerbasetheorems.sty
(/usr/local/texlive/2022/texmf-dist/tex/latex/amsmath/amsmath.sty
For additional information on amsmath, use the `?' option.
(/usr/local/texlive/2022/texmf-dist/tex/latex/amsmath/amstext.sty
(/usr/local/texlive/2022/texmf-dist/tex/latex/amsmath/amsgen.sty))
(/usr/local/texlive/2022/texmf-dist/tex/latex/amsmath/amsbsy.sty)
(/usr/local/texlive/2022/texmf-dist/tex/latex/amsmath/amsopn.sty))
(/usr/local/texlive/2022/texmf-dist/tex/latex/amscls/amsthm.sty))
(/usr/local/texlive/2022/texmf-dist/tex/latex/beamer/beamerbasethemes.sty))
(/usr/local/texlive/2022/texmf-dist/tex/latex/beamer/beamerthemedefault.sty
(/usr/local/texlive/2022/texmf-dist/tex/latex/beamer/beamerfontthemedefault.sty
)
(/usr/local/texlive/2022/texmf-dist/tex/latex/beamer/beamercolorthemedefault.st
y)
(/usr/local/texlive/2022/texmf-dist/tex/latex/beamer/beamerinnerthemedefault.st
y)
(/usr/local/texlive/2022/texmf-dist/tex/latex/beamer/beamerouterthemedefault.st
y))) (/usr/local/texlive/2022/texmf-dist/tex/latex/mathtools/empheq.sty
(/usr/local/texlive/2022/texmf-dist/tex/latex/mathtools/mhsetup.sty)
(/usr/local/texlive/2022/texmf-dist/tex/latex/mathtools/mathtools.sty
(/usr/local/texlive/2022/texmf-dist/tex/latex/tools/calc.sty)))
(/usr/local/texlive/2022/texmf-dist/tex/latex/l3packages/xparse/xparse.sty
(/usr/local/texlive/2022/texmf-dist/tex/latex/l3kernel/expl3.sty
(/usr/local/texlive/2022/texmf-dist/tex/latex/l3backend/l3backend-pdftex.def)))
 (/usr/local/texlive/2022/texmf-dist/tex/latex/adjustbox/adjustbox.sty
(/usr/local/texlive/2022/texmf-dist/tex/latex/xkeyval/xkeyval.sty
(/usr/local/texlive/2022/texmf-dist/tex/generic/xkeyval/xkeyval.tex
(/usr/local/texlive/2022/texmf-dist/tex/generic/xkeyval/xkvutils.tex)))
(/usr/local/texlive/2022/texmf-dist/tex/latex/adjustbox/adjcalc.sty)
(/usr/local/texlive/2022/texmf-dist/tex/latex/adjustbox/trimclip.sty
(/usr/local/texlive/2022/texmf-dist/tex/latex/collectbox/collectbox.sty)
(/usr/local/texlive/2022/texmf-dist/tex/latex/adjustbox/tc-pdftex.def))
(/usr/local/texlive/2022/texmf-dist/tex/latex/ifoddpage/ifoddpage.sty)
(/usr/local/texlive/2022/texmf-dist/tex/latex/varwidth/varwidth.sty))
(/usr/local/texlive/2022/texmf-dist/tex/latex/tabulary/tabulary.sty
(/usr/local/texlive/2022/texmf-dist/tex/latex/tools/array.sty))
(/usr/local/texlive/2022/texmf-dist/tex/latex/tools/hhline.sty)
(/usr/local/texlive/2022/texmf-dist/tex/latex/relsize/relsize.sty)
(/usr/local/texlive/2022/texmf-dist/tex/latex/framed/framed.sty)
(/usr/local/texlive/2022/texmf-dist/tex/latex/hf-tikz/hf-tikz.sty
(/usr/local/texlive/2022/texmf-dist/tex/latex/pgf/frontendlayer/tikz.sty
(/usr/local/texlive/2022/texmf-dist/tex/latex/pgf/basiclayer/pgf.sty
(/usr/local/texlive/2022/texmf-dist/tex/generic/pgf/modules/pgfmoduleshapes.cod
e.tex)
(/usr/local/texlive/2022/texmf-dist/tex/generic/pgf/modules/pgfmoduleplot.code.
tex)
(/usr/local/texlive/2022/texmf-dist/tex/latex/pgf/compatibility/pgfcomp-version
-0-65.sty)
(/usr/local/texlive/2022/texmf-dist/tex/latex/pgf/compatibility/pgfcomp-version
-1-18.sty))
(/usr/local/texlive/2022/texmf-dist/tex/latex/pgf/utilities/pgffor.sty
(/usr/local/texlive/2022/texmf-dist/tex/generic/pgf/utilities/pgffor.code.tex
(/usr/local/texlive/2022/texmf-dist/tex/generic/pgf/math/pgfmath.code.tex)))
(/usr/local/texlive/2022/texmf-dist/tex/generic/pgf/frontendlayer/tikz/tikz.cod
e.tex
(/usr/local/texlive/2022/texmf-dist/tex/generic/pgf/libraries/pgflibraryplothan
dlers.code.tex)
(/usr/local/texlive/2022/texmf-dist/tex/generic/pgf/modules/pgfmodulematrix.cod
e.tex)
(/usr/local/texlive/2022/texmf-dist/tex/generic/pgf/frontendlayer/tikz/librarie
s/tikzlibrarytopaths.code.tex)))
(/usr/local/texlive/2022/texmf-dist/tex/generic/pgf/frontendlayer/tikz/librarie
s/tikzlibraryshadings.code.tex
(/usr/local/texlive/2022/texmf-dist/tex/generic/pgf/libraries/pgflibraryshading
s.code.tex)))
(/usr/local/texlive/2022/texmf-dist/tex/latex/multirow/multirow.sty)
(/usr/local/texlive/2022/texmf-dist/tex/latex/biblatex/biblatex.sty
(/usr/local/texlive/2022/texmf-dist/tex/latex/logreq/logreq.sty
(/usr/local/texlive/2022/texmf-dist/tex/latex/logreq/logreq.def))
(/usr/local/texlive/2022/texmf-dist/tex/latex/base/ifthen.sty)
(/usr/local/texlive/2022/texmf-dist/tex/latex/biblatex/blx-dm.def)
(/usr/local/texlive/2022/texmf-dist/tex/latex/biblatex/blx-compat.def)
(/usr/local/texlive/2022/texmf-dist/tex/latex/biblatex/biblatex.def)
(/usr/local/texlive/2022/texmf-dist/tex/latex/biblatex/bbx/authoryear.bbx
(/usr/local/texlive/2022/texmf-dist/tex/latex/biblatex/bbx/standard.bbx))
(/usr/local/texlive/2022/texmf-dist/tex/latex/biblatex/cbx/authoryear.cbx)
(/usr/local/texlive/2022/texmf-dist/tex/latex/biblatex/biblatex.cfg)
(/usr/local/texlive/2022/texmf-dist/tex/latex/biblatex/blx-case-expl3.sty))
(/usr/local/texlive/2022/texmf-dist/tex/latex/tools/bm.sty)
(/usr/local/texlive/2022/texmf-dist/tex/latex/changepage/changepage.sty)
(/usr/local/texlive/2022/texmf-dist/tex/latex/base/fontenc.sty)
(/usr/local/texlive/2022/texmf-dist/tex/latex/concmath/concmath.sty)
(/usr/local/texlive/2022/texmf-dist/tex/latex/jknapltx/mathrsfs.sty)
(/usr/local/texlive/2022/texmf-dist/tex/latex/easy/easytable.sty
Document Style `easytable' v1.0 <2001/06/13>.
(/usr/local/texlive/2022/texmf-dist/tex/latex/easy/easy.sty
Document Style `easy' v1.1 <2001/05/31>.
)) (/usr/local/texlive/2022/texmf-dist/tex/generic/xypic/xy.sty
(/usr/local/texlive/2022/texmf-dist/tex/generic/xypic/xy.tex Bootstrap'ing:
catcodes, docmode,
(/usr/local/texlive/2022/texmf-dist/tex/generic/xypic/xyrecat.tex)
(/usr/local/texlive/2022/texmf-dist/tex/generic/xypic/xyidioms.tex)

 Xy-pic version 3.8.9 <2013/10/06>
 Copyright (c) 1991-2013 by Kristoffer H. Rose <krisrose@tug.org> and others
 Xy-pic is free software: see the User's Guide for details.

Loading kernel: messages; fonts; allocations: state, direction,
utility macros; pictures: \xy, positions, objects, decorations;
kernel objects: directionals, circles, text; options; algorithms: directions,
edges, connections;  Xy-pic loaded)
(/usr/local/texlive/2022/texmf-dist/tex/generic/iftex/ifpdf.sty)
(/usr/local/texlive/2022/texmf-dist/tex/generic/xypic/xypdf.tex
 Xy-pic option: PDF driver v.1.7 loaded))
(/usr/local/texlive/2022/texmf-dist/tex/latex/wrapfig/wrapfig.sty)
(/usr/local/texlive/2022/texmf-dist/tex/latex/pgfplots/pgfplots.sty
(/usr/local/texlive/2022/texmf-dist/tex/generic/pgfplots/pgfplots.revision.tex)
(/usr/local/texlive/2022/texmf-dist/tex/generic/pgfplots/pgfplots.code.tex
(/usr/local/texlive/2022/texmf-dist/tex/generic/pgfplots/pgfplotscore.code.tex
(/usr/local/texlive/2022/texmf-dist/tex/generic/pgfplots/sys/pgfplotssysgeneric
.code.tex))
(/usr/local/texlive/2022/texmf-dist/tex/generic/pgfplots/libs/pgfplotslibrary.c
ode.tex)
(/usr/local/texlive/2022/texmf-dist/tex/generic/pgfplots/oldpgfcompatib/pgfplot
soldpgfsupp_loader.code.tex
(/usr/local/texlive/2022/texmf-dist/tex/generic/pgf/libraries/pgflibraryfpu.cod
e.tex))
(/usr/local/texlive/2022/texmf-dist/tex/generic/pgfplots/util/pgfplotsutil.code
.tex
(/usr/local/texlive/2022/texmf-dist/tex/generic/pgfplots/liststructure/pgfplots
liststructure.code.tex)
(/usr/local/texlive/2022/texmf-dist/tex/generic/pgfplots/liststructure/pgfplots
liststructureext.code.tex)
(/usr/local/texlive/2022/texmf-dist/tex/generic/pgfplots/liststructure/pgfplots
array.code.tex)
(/usr/local/texlive/2022/texmf-dist/tex/generic/pgfplots/liststructure/pgfplots
matrix.code.tex)
(/usr/local/texlive/2022/texmf-dist/tex/generic/pgfplots/numtable/pgfplotstable
shared.code.tex)
(/usr/local/texlive/2022/texmf-dist/tex/generic/pgfplots/liststructure/pgfplots
deque.code.tex)
(/usr/local/texlive/2022/texmf-dist/tex/generic/pgfplots/util/pgfplotsbinary.co
de.tex
(/usr/local/texlive/2022/texmf-dist/tex/generic/pgfplots/util/pgfplotsbinary.da
ta.code.tex))
(/usr/local/texlive/2022/texmf-dist/tex/generic/pgfplots/util/pgfplotsutil.verb
.code.tex)
(/usr/local/texlive/2022/texmf-dist/tex/generic/pgfplots/libs/pgflibrarypgfplot
s.surfshading.code.tex
(/usr/local/texlive/2022/texmf-dist/tex/generic/pgfplots/sys/pgflibrarypgfplots
.surfshading.pgfsys-pdftex.def)))
(/usr/local/texlive/2022/texmf-dist/tex/generic/pgfplots/util/pgfplotscolormap.
code.tex
(/usr/local/texlive/2022/texmf-dist/tex/generic/pgfplots/util/pgfplotscolor.cod
e.tex))
(/usr/local/texlive/2022/texmf-dist/tex/generic/pgfplots/pgfplotsstackedplots.c
ode.tex)
(/usr/local/texlive/2022/texmf-dist/tex/generic/pgfplots/pgfplotsplothandlers.c
ode.tex
(/usr/local/texlive/2022/texmf-dist/tex/generic/pgfplots/pgfplotsmeshplothandle
r.code.tex
(/usr/local/texlive/2022/texmf-dist/tex/generic/pgfplots/pgfplotsmeshplotimage.
code.tex)))
(/usr/local/texlive/2022/texmf-dist/tex/generic/pgfplots/pgfplots.scaling.code.
tex)
(/usr/local/texlive/2022/texmf-dist/tex/generic/pgfplots/pgfplotscoordprocessin
g.code.tex)
(/usr/local/texlive/2022/texmf-dist/tex/generic/pgfplots/pgfplots.errorbars.cod
e.tex)
(/usr/local/texlive/2022/texmf-dist/tex/generic/pgfplots/pgfplots.markers.code.
tex)
(/usr/local/texlive/2022/texmf-dist/tex/generic/pgfplots/pgfplotsticks.code.tex
)
(/usr/local/texlive/2022/texmf-dist/tex/generic/pgfplots/pgfplots.paths.code.te
x)
(/usr/local/texlive/2022/texmf-dist/tex/generic/pgf/frontendlayer/tikz/librarie
s/tikzlibrarydecorations.code.tex
(/usr/local/texlive/2022/texmf-dist/tex/generic/pgf/modules/pgfmoduledecoration
s.code.tex))
(/usr/local/texlive/2022/texmf-dist/tex/generic/pgf/frontendlayer/tikz/librarie
s/tikzlibrarydecorations.pathmorphing.code.tex
(/usr/local/texlive/2022/texmf-dist/tex/generic/pgf/libraries/decorations/pgfli
brarydecorations.pathmorphing.code.tex))
(/usr/local/texlive/2022/texmf-dist/tex/generic/pgf/frontendlayer/tikz/librarie
s/tikzlibrarydecorations.pathreplacing.code.tex
(/usr/local/texlive/2022/texmf-dist/tex/generic/pgf/libraries/decorations/pgfli
brarydecorations.pathreplacing.code.tex))
(/usr/local/texlive/2022/texmf-dist/tex/generic/pgfplots/libs/tikzlibrarypgfplo
ts.contourlua.code.tex))
(/usr/local/texlive/2022/texmf-dist/tex/generic/pgf/frontendlayer/tikz/librarie
s/tikzlibraryplotmarks.code.tex
(/usr/local/texlive/2022/texmf-dist/tex/generic/pgf/libraries/pgflibraryplotmar
ks.code.tex))) (/usr/local/texlive/2022/texmf-dist/tex/generic/soul/soul.sty)
(/usr/local/texlive/2022/texmf-dist/tex/latex/tools/verbatim.sty)
(/usr/local/texlive/2022/texmf-dist/tex/generic/pgf/frontendlayer/tikz/librarie
s/tikzlibrarymatrix.code.tex)
(/usr/local/texlive/2022/texmf-dist/tex/generic/pgf/frontendlayer/tikz/librarie
s/tikzlibrarypositioning.code.tex)
(/usr/local/texlive/2022/texmf-dist/tex/generic/pgf/frontendlayer/tikz/librarie
s/tikzlibraryarrows.code.tex
(/usr/local/texlive/2022/texmf-dist/tex/generic/pgf/libraries/pgflibraryarrows.
code.tex))
(/usr/local/texlive/2022/texmf-dist/tex/latex/tikzmark/tikzlibrarytikzmark.code
.tex
(/usr/local/texlive/2022/texmf-dist/tex/latex/l3packages/l3keys2e/l3keys2e.sty)
)
(/usr/local/texlive/2022/texmf-dist/tex/generic/pgf/frontendlayer/tikz/librarie
s/tikzlibraryfit.code.tex) (./beamerthememetropolis.sty
(/usr/local/texlive/2022/texmf-dist/tex/latex/pgfopts/pgfopts.sty)
(./beamerinnerthememetropolis.sty) (./beamerouterthememetropolis.sty)
(./beamercolorthememetropolis.sty) (./beamerfontthememetropolis.sty
(/usr/local/texlive/2022/texmf-dist/tex/generic/iftex/ifxetex.sty)
(/usr/local/texlive/2022/texmf-dist/tex/generic/iftex/ifluatex.sty)

Package beamerthememetropolis Warning: You need to compile with XeLaTeX or LuaL
aTeX to use the Fira fonts on input line 94.

))
(/usr/local/texlive/2022/texmf-dist/tex/latex/appendixnumberbeamer/appendixnumb
erbeamer.sty) (/usr/local/texlive/2022/texmf-dist/tex/latex/wasysym/wasysym.sty
) (/usr/local/texlive/2022/texmf-dist/tex/latex/booktabs/booktabs.sty)
(/usr/local/texlive/2022/texmf-dist/tex/latex/lm/lmodern.sty)
(/usr/local/texlive/2022/texmf-dist/tex/latex/tools/xspace.sty)
(/usr/local/texlive/2022/texmf-dist/tex/latex/float/float.sty)
(/usr/local/texlive/2022/texmf-dist/tex/latex/lipsum/lipsum.sty
(/usr/local/texlive/2022/texmf-dist/tex/latex/lipsum/lipsum.ltd.tex))
(/usr/local/texlive/2022/texmf-dist/tex/latex/media9/media9.sty
(/usr/local/texlive/2022/texmf-dist/tex/latex/media9/pdfbase.sty)
(/usr/local/texlive/2022/texmf-dist/tex/latex/ocgx2/ocgbase.sty))
(/usr/local/texlive/2022/texmf-dist/tex/latex/textpos/textpos.sty
Package: textpos 2020/09/26 1.10, absolute positioning of text on the page
Grid set 16 x 16 = 28.45274pt x 16.00467pt
TextBlockOrigin set to 0pt x 0pt
) (/usr/local/texlive/2022/texmf-dist/tex/latex/caption/caption.sty
(/usr/local/texlive/2022/texmf-dist/tex/latex/caption/caption3.sty
(/usr/local/texlive/2022/texmf-dist/tex/latex/caption/caption-beamer.sto)))
(/usr/local/texlive/2022/texmf-dist/tex/latex/beamertheme-metropolis/pgfplotsth
emetol.sty) (/usr/local/texlive/2022/texmf-dist/tex/latex/lm/t1lmss.fd)
(output/presentation.aux)
*geometry* driver: auto-detecting
*geometry* detected driver: pdftex
(/usr/local/texlive/2022/texmf-dist/tex/context/base/mkii/supp-pdf.mkii
[Loading MPS to PDF converter (version 2006.09.02).]
) (/usr/local/texlive/2022/texmf-dist/tex/latex/epstopdf-pkg/epstopdf-base.sty
(/usr/local/texlive/2022/texmf-dist/tex/latex/latexconfig/epstopdf-sys.cfg))
(/usr/local/texlive/2022/texmf-dist/tex/latex/hyperref/nameref.sty
(/usr/local/texlive/2022/texmf-dist/tex/latex/refcount/refcount.sty)
(/usr/local/texlive/2022/texmf-dist/tex/generic/gettitlestring/gettitlestring.s
ty)) (output/presentation.out) (output/presentation.out)
(/usr/local/texlive/2022/texmf-dist/tex/latex/translator/translator-basic-dicti
onary-English.dict)
(/usr/local/texlive/2022/texmf-dist/tex/latex/translator/translator-bibliograph
y-dictionary-English.dict)
(/usr/local/texlive/2022/texmf-dist/tex/latex/translator/translator-environment
-dictionary-English.dict)
(/usr/local/texlive/2022/texmf-dist/tex/latex/translator/translator-months-dict
ionary-English.dict)
(/usr/local/texlive/2022/texmf-dist/tex/latex/translator/translator-numbers-dic
tionary-English.dict)
(/usr/local/texlive/2022/texmf-dist/tex/latex/translator/translator-theorem-dic
tionary-English.dict)
(/usr/local/texlive/2022/texmf-dist/tex/latex/biblatex/lbx/english.lbx)
(output/presentation.bbl)
(/usr/local/texlive/2022/texmf-dist/tex/latex/lm/ot1lmr.fd)
(/usr/local/texlive/2022/texmf-dist/tex/latex/lm/omllmm.fd)
(/usr/local/texlive/2022/texmf-dist/tex/latex/lm/omslmsy.fd)
(/usr/local/texlive/2022/texmf-dist/tex/latex/lm/omxlmex.fd)
(/usr/local/texlive/2022/texmf-dist/tex/latex/amsfonts/umsa.fd)
(/usr/local/texlive/2022/texmf-dist/tex/latex/amsfonts/umsb.fd)
(/usr/local/texlive/2022/texmf-dist/tex/latex/jknapltx/ursfs.fd)
(/usr/local/texlive/2022/texmf-dist/tex/latex/wasysym/uwasy.fd)
Package pgfplots notification 'compat/show suggested version=true': you might b
enefit from \pgfplotsset{compat=1.18} (current compat level: 1.9).

(output/presentation.nav)
Overfull \vbox (18.28288pt too high) detected at line 142
[1{/usr/local/texlive/2022/texmf-var/fonts/map/pdftex/updmap/pdftex.map}]
(./a.1-intro_quickglassy/intro_quickglassy.tex
Overfull \vbox (22.08557pt too high) detected at line 84
[2]
Overfull \vbox (22.98206pt too high) detected at line 84
[3 <./intro_glassy/timerelax_b2o3_4.pdf>]
Overfull \vbox (22.98206pt too high) detected at line 84
[4 <./intro_glassy/softspots_280.png>]
Overfull \vbox (22.98206pt too high) detected at line 84
[5]
Overfull \vbox (22.98206pt too high) detected at line 84
[6 <./intro_glassy/timerelax_poly12_0.pdf>]
Overfull \vbox (22.98206pt too high) detected at line 84
[7 <./intro_glassy/timerelax_poly12_1.pdf>])
(./a.2-intro_dftheory/intro_dftheory.tex
Overfull \vbox (15.47429pt too high) detected at line 51
[8]
Overfull \vbox (15.47429pt too high) detected at line 51
[9 <./a.2-intro_dftheory/DF_Theory_Excitations_Zoom_0.pdf>]
Overfull \vbox (15.47429pt too high) detected at line 51
[10 <./a.2-intro_dftheory/DF_Theory_Excitations_Zoom_1.pdf>]
Overfull \vbox (15.47429pt too high) detected at line 51
[11 <./a.2-intro_dftheory/DF_Theory_Excitations_Zoom_2.pdf>]
Overfull \vbox (15.47429pt too high) detected at line 51
[12 <./a.2-intro_dftheory/facilitation_closer_1.pdf>]
Overfull \vbox (15.47429pt too high) detected at line 51
[13 <./a.2-intro_dftheory/facilitation_closer_2.pdf>])
(./a.3-edf_overview/intermezzo.tex

pdfTeX warning: pdflatex (file ./c.1-kt_msdintro/msd-supercooledliq-5.pdf): PDF
 inclusion: found PDF version <1.6>, but at most version <1.5> allowed

Overfull \vbox (93.47206pt too high) detected at line 54
[14 <./c.1-kt_msdintro/msd-supercooledliq-5.pdf>])
(./b.1-exc_pureshear/exc_pureshear.tex

pdfTeX warning: pdflatex (file ./b.1-exc_pureshear/zoomin-0.pdf): PDF inclusion
: found PDF version <1.6>, but at most version <1.5> allowed


pdfTeX warning: pdflatex (file ./b.1-exc_pureshear/zoomin-1.pdf): PDF inclusion
: found PDF version <1.6>, but at most version <1.5> allowed


pdfTeX warning: pdflatex (file ./b.1-exc_pureshear/zoomin-2.pdf): PDF inclusion
: found PDF version <1.6>, but at most version <1.5> allowed


pdfTeX warning: pdflatex (file ./b.1-exc_pureshear/zoomin-3.pdf): PDF inclusion
: found PDF version <1.6>, but at most version <1.5> allowed


pdfTeX warning: pdflatex (file ./b.1-exc_pureshear/T1transition.pdf): PDF inclu
sion: found PDF version <1.6>, but at most version <1.5> allowed

Overfull \vbox (11.26973pt too high) detected at line 80
[15]
Overfull \vbox (11.26973pt too high) detected at line 80
[16]
Overfull \vbox (11.26973pt too high) detected at line 80
[17 <./b.1-exc_pureshear/zoomout_dispmag.png>]
Overfull \vbox (11.26973pt too high) detected at line 80
[18 <./b.1-exc_pureshear/zoomout_dispvector.png>]
Overfull \vbox (11.26973pt too high) detected at line 80
[19 <./b.1-exc_pureshear/zoomout_dispvector_1.png>]
Overfull \vbox (11.26973pt too high) detected at line 80
[20 <./b.1-exc_pureshear/zoomin-0.pdf>]
Overfull \vbox (11.26973pt too high) detected at line 80
[21 <./b.1-exc_pureshear/zoomin-1.pdf>]
Overfull \vbox (11.26973pt too high) detected at line 80
[22 <./b.1-exc_pureshear/zoomin-2.pdf>]
Overfull \vbox (11.26973pt too high) detected at line 80
[23 <./b.1-exc_pureshear/zoomin-3.pdf>]
Overfull \vbox (11.26973pt too high) detected at line 80
[24 <./b.1-exc_pureshear/zoomin-7.pdf>]
Overfull \vbox (11.26973pt too high) detected at line 80
[25 <./b.1-exc_pureshear/zoomin-8.pdf>]
Overfull \vbox (11.26973pt too high) detected at line 80
[26 <./b.1-exc_pureshear/zoomin-9.pdf>]
Overfull \vbox (11.26973pt too high) detected at line 80
[27]
Overfull \vbox (11.26973pt too high) detected at line 80
[28]
Overfull \vbox (11.26973pt too high) detected at line 80
[29 <./b.1-exc_pureshear/T1transition.pdf>])
(./b.2-exc_results_1/exc_results_1.tex
(/usr/local/texlive/2022/texmf-dist/tex/latex/lm/ts1lmss.fd)
Overfull \vbox (18.09647pt too high) detected at line 42
[30]
Overfull \vbox (18.09647pt too high) detected at line 42
[31]
Overfull \vbox (18.09647pt too high) detected at line 42
[32 <./b.2-exc_results_1/dimshearmodulus.pdf>]
Overfull \vbox (18.09647pt too high) detected at line 42
[33]
Overfull \vbox (18.09647pt too high) detected at line 42
[34]
Overfull \vbox (18.09647pt too high) detected at line 42
[35 <./b.2-exc_results_1/csigma.pdf>]) (./b.3-exc_results_2/exc_results_2.tex

pdfTeX warning: pdflatex (file ./b.3-exc_results_2/giso-2.pdf): PDF inclusion: 
found PDF version <1.6>, but at most version <1.5> allowed

Overfull \vbox (2.78098pt too high) detected at line 49
[36]
Overfull \vbox (2.78098pt too high) detected at line 49
[37]
Overfull \vbox (2.78098pt too high) detected at line 49
[38]
Overfull \vbox (2.78098pt too high) detected at line 49
[39 <./b.3-exc_results_2/giso_lit.png>]
Overfull \vbox (2.78098pt too high) detected at line 49
[40 <./b.3-exc_results_2/giso-2.pdf>]) [41 <./ismeltingpaper_screen.png>]
(./c.1-kt_msdintro/kt_msdintro.tex

pdfTeX warning: pdflatex (file ./c.1-kt_msdintro/msd-supercooledliq-0.pdf): PDF
 inclusion: found PDF version <1.6>, but at most version <1.5> allowed


pdfTeX warning: pdflatex (file ./c.1-kt_msdintro/msd-supercooledliq-1.pdf): PDF
 inclusion: found PDF version <1.6>, but at most version <1.5> allowed


pdfTeX warning: pdflatex (file ./c.1-kt_msdintro/msd-supercooledliq-2.pdf): PDF
 inclusion: found PDF version <1.6>, but at most version <1.5> allowed


pdfTeX warning: pdflatex (file ./c.1-kt_msdintro/msd-supercooledliq-4.pdf): PDF
 inclusion: found PDF version <1.6>, but at most version <1.5> allowed

Overfull \vbox (11.90327pt too high) detected at line 67
[42]
Overfull \vbox (11.90327pt too high) detected at line 67
[43]
Overfull \vbox (11.90327pt too high) detected at line 67
[44 <./c.1-kt_msdintro/msd-supercooledliq-0.pdf>]
Overfull \vbox (11.90327pt too high) detected at line 67
[45 <./c.1-kt_msdintro/msd-supercooledliq-1.pdf>]
Overfull \vbox (11.90327pt too high) detected at line 67
[46]
Overfull \vbox (11.90327pt too high) detected at line 67
[47 <./c.1-kt_msdintro/msd-supercooledliq-2.pdf>]
Overfull \vbox (11.90327pt too high) detected at line 67
[48 <./c.1-kt_msdintro/msd-supercooledliq-4.pdf>]
Overfull \vbox (11.90327pt too high) detected at line 67
[49]
Overfull \vbox (11.90327pt too high) detected at line 67
[50]
Overfull \vbox (11.90327pt too high) detected at line 67
[51]
Overfull \vbox (11.90327pt too high) detected at line 67
[52]
Overfull \vbox (11.90327pt too high) detected at line 67
[53]) (./c.2-kt_geomcharges_1/kt_geomcharges.tex

pdfTeX warning: pdflatex (file ./c.2-kt_geomcharges_1/chargesequiv-2.pdf): PDF 
inclusion: found PDF version <1.6>, but at most version <1.5> allowed


pdfTeX warning: pdflatex (file ./c.2-kt_geomcharges_1/dipolemag.pdf): PDF inclu
sion: found PDF version <1.6>, but at most version <1.5> allowed

Overfull \hbox (13.2435pt too wide) detected at line 94
[] \OT1/lmr/m/n/9 = [] \OMS/lmsy/m/n/9 ^^@ []

Overfull \vbox (27.90303pt too high) detected at line 94
[54 <./c.2-kt_geomcharges_1/chargesequiv-2.pdf> <./c.2-kt_geomcharges_1/dipolem
ag.pdf>]) (./c.6-kt_energyentropy/kt_energyentropy.tex

pdfTeX warning: pdflatex (file ./c.6-kt_energyentropy/dofs_quadrupole-0.pdf): P
DF inclusion: found PDF version <1.6>, but at most version <1.5> allowed


pdfTeX warning: pdflatex (file ./c.6-kt_energyentropy/dofs_quadrupole-1.pdf): P
DF inclusion: found PDF version <1.6>, but at most version <1.5> allowed


pdfTeX warning: pdflatex (file ./c.6-kt_energyentropy/dofs_quadrupole-3.pdf): P
DF inclusion: found PDF version <1.6>, but at most version <1.5> allowed

Overfull \vbox (41.60344pt too high) detected at line 48
[55]
Overfull \vbox (41.60344pt too high) detected at line 48
[56 <./c.6-kt_energyentropy/dofs_quadrupole-0.pdf>]
Overfull \vbox (41.60344pt too high) detected at line 48
[57 <./c.6-kt_energyentropy/dofs_quadrupole-1.pdf>]
Overfull \vbox (41.60344pt too high) detected at line 48
[58 <./c.6-kt_energyentropy/dofs_quadrupole-3.pdf>])
(./c.7-kt_meltingscenario/kt_meltingscenario.tex

pdfTeX warning: pdflatex (file ./c.7-kt_meltingscenario/mechanism-0.pdf): PDF i
nclusion: found PDF version <1.6>, but at most version <1.5> allowed


pdfTeX warning: pdflatex (file ./c.7-kt_meltingscenario/mechanism-1.pdf): PDF i
nclusion: found PDF version <1.6>, but at most version <1.5> allowed

Overfull \vbox (7.18544pt too high) detected at line 48
[59]
Overfull \vbox (7.18544pt too high) detected at line 48
[60 <./c.7-kt_meltingscenario/mechanism-0.pdf>]
Overfull \vbox (7.18544pt too high) detected at line 48
[61]
Overfull \vbox (7.18544pt too high) detected at line 48
[62]
Overfull \vbox (7.18544pt too high) detected at line 48
[63 <./c.7-kt_meltingscenario/mechanism-1.pdf>]
Overfull \vbox (7.18544pt too high) detected at line 48
[64]
Overfull \vbox (7.18544pt too high) detected at line 48
[65] [66]) (./c.8-kt_results_1/kt_results.tex
(/usr/local/texlive/2022/texmf-dist/tex/latex/lm/t1lmtt.fd)

pdfTeX warning: pdflatex (file ./c.8-kt_results_1/new-mechanism-0.pdf): PDF inc
lusion: found PDF version <1.6>, but at most version <1.5> allowed

Overfull \hbox (0.58324pt too wide) detected at line 124
[]

Overfull \vbox (6.63614pt too high) detected at line 124
[67]
Overfull \hbox (0.58324pt too wide) detected at line 124
[]

Overfull \vbox (6.63614pt too high) detected at line 124
[68]
Overfull \hbox (0.58324pt too wide) detected at line 124
[]

Overfull \vbox (6.63614pt too high) detected at line 124
[69 <./c.8-kt_results_1/new-mechanism-0.pdf>]
Overfull \hbox (0.58324pt too wide) detected at line 124
[]

Overfull \vbox (12.93614pt too high) detected at line 124
[70]
Overfull \hbox (0.58324pt too wide) detected at line 124
[]

Overfull \vbox (12.93614pt too high) detected at line 124
[71]
Overfull \hbox (0.58324pt too wide) detected at line 124
[]

Overfull \vbox (12.93614pt too high) detected at line 124
[72]) (./c.10-kt_merminwagner_1/kt_merminwagner.tex
Overfull \vbox (4.55106pt too high) detected at line 38
[73 <./c.10-kt_merminwagner_1/merminwagner_comparison_0.pdf> <./c.10-kt_merminw
agner_1/merminwagner_comparison_1.pdf>]
Overfull \vbox (4.55106pt too high) detected at line 38
[74]
Overfull \vbox (4.55106pt too high) detected at line 38
[75]) (./c.13-kt_keim_1/kt_keim.tex

pdfTeX warning: pdflatex (file ./c.13-kt_keim_1/keim_setup_0.pdf): PDF inclusio
n: found PDF version <1.6>, but at most version <1.5> allowed


pdfTeX warning: pdflatex (file ./c.13-kt_keim_1/keim_setup_1.pdf): PDF inclusio
n: found PDF version <1.6>, but at most version <1.5> allowed


pdfTeX warning: pdflatex (file ./c.13-kt_keim_1/keim_setup_2.pdf): PDF inclusio
n: found PDF version <1.6>, but at most version <1.5> allowed

Overfull \vbox (178.91501pt too high) detected at line 130
[76]
Overfull \vbox (178.91501pt too high) detected at line 130
[77]
Overfull \vbox (178.91501pt too high) detected at line 130
[78]
Overfull \vbox (178.91501pt too high) detected at line 130
[79 <./c.13-kt_keim_1/Yrenorm_poly12.pdf>]
Overfull \vbox (178.91501pt too high) detected at line 130
[80]
Overfull \vbox (178.91501pt too high) detected at line 130
[81 <./c.13-kt_keim_1/keim_setup_0.pdf>]
Overfull \vbox (178.91501pt too high) detected at line 130
[82 <./c.13-kt_keim_1/keim_setup_1.pdf>]
Overfull \vbox (178.91501pt too high) detected at line 130
[83]
Overfull \vbox (178.91501pt too high) detected at line 130
[84 <./c.13-kt_keim_1/keim_setup_2.pdf>]
Overfull \vbox (178.91501pt too high) detected at line 130
[85]
Overfull \vbox (178.91501pt too high) detected at line 130
[86 <./c.13-kt_keim_1/YRG_keim_exp_0.pdf>]
Overfull \vbox (178.91501pt too high) detected at line 130
[87]
Overfull \vbox (178.91501pt too high) detected at line 130
[88 <./c.13-kt_keim_1/YRG_keim_exp_1.pdf>]
Overfull \vbox (178.91501pt too high) detected at line 130
[89 <./c.13-kt_keim_1/YRG_keim.pdf>]
Overfull \vbox (178.91501pt too high) detected at line 130
[90 <./c.13-kt_keim_1/YRG_keim_closeup.pdf>]
Overfull \vbox (178.91501pt too high) detected at line 130
[91 <./c.13-kt_keim_1/msd_keim.png>]
Overfull \vbox (178.91501pt too high) detected at line 130
[92 <./c.13-kt_keim_1/msd_keim_1.png>]
Overfull \vbox (178.91501pt too high) detected at line 130
[93]) (./c.15-kt_spatialcorrel/kt_spatialcorrel.tex
Overfull \vbox (13.55333pt too high) detected at line 44
[94]
Overfull \vbox (13.55333pt too high) detected at line 44
[95]
Overfull \vbox (13.55333pt too high) detected at line 44
[96]
Overfull \vbox (13.55333pt too high) detected at line 44
[97]
Overfull \vbox (13.55333pt too high) detected at line 44
[98 <./c.15-kt_spatialcorrel/spatialcorrel.pdf>]
Overfull \vbox (13.55333pt too high) detected at line 44
[99]) (./d.1-fac_intro/fac_intro.tex

pdfTeX warning: pdflatex (file ./d.1-fac_intro/interlude1.pdf): PDF inclusion: 
found PDF version <1.6>, but at most version <1.5> allowed


pdfTeX warning: pdflatex (file ./d.1-fac_intro/interlude2.pdf): PDF inclusion: 
found PDF version <1.6>, but at most version <1.5> allowed


pdfTeX warning: pdflatex (file ./d.1-fac_intro/bare_test_0.pdf): PDF inclusion:
 found PDF version <1.6>, but at most version <1.5> allowed


pdfTeX warning: pdflatex (file ./d.1-fac_intro/bare_test_3.pdf): PDF inclusion:
 found PDF version <1.6>, but at most version <1.5> allowed


pdfTeX warning: pdflatex (file ./d.1-fac_intro/test_3.pdf): PDF inclusion: foun
d PDF version <1.6>, but at most version <1.5> allowed


pdfTeX warning: pdflatex (file ./d.1-fac_intro/test_6.pdf): PDF inclusion: foun
d PDF version <1.6>, but at most version <1.5> allowed

Overfull \vbox (23.35045pt too high) detected at line 60
[100]
Overfull \vbox (23.35045pt too high) detected at line 60
[101 <./d.1-fac_intro/interlude1.pdf>]
Overfull \vbox (23.35045pt too high) detected at line 60
[102 <./d.1-fac_intro/interlude2.pdf>]
Overfull \vbox (23.35045pt too high) detected at line 60
[103 <./d.1-fac_intro/bare_test_0.pdf>]
Overfull \vbox (23.35045pt too high) detected at line 60
[104 <./d.1-fac_intro/bare_test_3.pdf>]
Overfull \vbox (23.35045pt too high) detected at line 60
[105]
Overfull \vbox (23.35045pt too high) detected at line 60
[106 <./d.1-fac_intro/test_3.pdf>]
Overfull \vbox (23.35045pt too high) detected at line 60
[107 <./d.1-fac_intro/test_6.pdf>]
Overfull \vbox (23.35045pt too high) detected at line 60
[108]
Overfull \vbox (23.35045pt too high) detected at line 60
[109]
Overfull \vbox (23.35045pt too high) detected at line 60
[110]
Overfull \vbox (23.35045pt too high) detected at line 60
[111]
Overfull \vbox (23.35045pt too high) detected at line 60
[112]) (./d.2-fac_intrc_1/fac_intrc.tex [113] [114]

pdfTeX warning: pdflatex (file ./d.2-fac_intrc_1/excconfig2.pdf): PDF inclusion
: found PDF version <1.6>, but at most version <1.5> allowed

Overfull \vbox (72.20912pt too high) detected at line 105
[115 <./d.2-fac_intrc_1/excconfig2.pdf>]

pdfTeX warning: pdflatex (file ./d.4-fac_results_1/minima.pdf): PDF inclusion: 
found PDF version <1.6>, but at most version <1.5> allowed

Overfull \vbox (68.29839pt too high) detected at line 105
[116 <./d.4-fac_results_1/minima.pdf>]

pdfTeX warning: pdflatex (file ./d.2-fac_intrc_1/pes.pdf): PDF inclusion: found
 PDF version <1.6>, but at most version <1.5> allowed

Overfull \vbox (12.16171pt too high) detected at line 105
[117 <./d.2-fac_intrc_1/pes.pdf>]
Overfull \vbox (12.16171pt too high) detected at line 105
[118]) (./d.4-fac_results_1/fac_results_1.tex<<VPlayer.swf>><<d.4-fac_results_1
/displowT.mp4>>

pdfTeX warning: pdflatex (file ./d.4-fac_results_1/out-700.pdf): PDF inclusion:
 found PDF version <1.6>, but at most version <1.5> allowed
<<d.4-fac_results_1/persistlowT.mp4>>

pdfTeX warning: pdflatex (file ./d.4-fac_results_1/persout-012.pdf): PDF inclus
ion: found PDF version <1.6>, but at most version <1.5> allowed

Overfull \vbox (13.60052pt too high) detected at line 42
[119 <./d.4-fac_results_1/displowT3.png>]
Overfull \vbox (15.29297pt too high) detected at line 42
[120 <./d.4-fac_results_1/out-700.pdf>]
Overfull \vbox (15.85052pt too high) detected at line 42
[121 <./d.4-fac_results_1/persistlowT3.png>]
Overfull \vbox (28.44295pt too high) detected at line 42
[122 <./d.4-fac_results_1/persout-012.pdf>] [123])
(./d.5-fac_results_2/fac_results_2.tex

pdfTeX warning: pdflatex (file ./d.5-fac_results_2/surveyresults1.pdf): PDF inc
lusion: found PDF version <1.6>, but at most version <1.5> allowed


pdfTeX warning: pdflatex (file ./d.5-fac_results_2/surveyresults2.pdf): PDF inc
lusion: found PDF version <1.6>, but at most version <1.5> allowed


pdfTeX warning: pdflatex (file ./d.5-fac_results_2/surveyresults3.pdf): PDF inc
lusion: found PDF version <1.6>, but at most version <1.5> allowed


pdfTeX warning: pdflatex (file ./d.5-fac_results_2/surveyresults.pdf): PDF incl
usion: found PDF version <1.6>, but at most version <1.5> allowed

Overfull \vbox (9.74269pt too high) detected at line 11
[124 <./d.5-fac_results_2/surveyresults1.pdf>]
Overfull \vbox (9.74269pt too high) detected at line 11
[125 <./d.5-fac_results_2/surveyresults2.pdf>]
Overfull \vbox (9.74269pt too high) detected at line 11
[126 <./d.5-fac_results_2/surveyresults3.pdf>]
Overfull \vbox (9.74269pt too high) detected at line 11
[127 <./d.5-fac_results_2/surveyresults.pdf>])
(./d.6-fac_results_3/fac_results_3.tex

pdfTeX warning: pdflatex (file ./d.6-fac_results_3/pes.pdf): PDF inclusion: fou
nd PDF version <1.6>, but at most version <1.5> allowed


pdfTeX warning: pdflatex (file ./d.6-fac_results_3/newmsdphonons0.pdf): PDF inc
lusion: found PDF version <1.6>, but at most version <1.5> allowed


pdfTeX warning: pdflatex (file ./d.6-fac_results_3/ismsdmd.pdf): PDF inclusion:
 found PDF version <1.6>, but at most version <1.5> allowed


pdfTeX warning: pdflatex (file ./d.6-fac_results_3/newmsdphonons1.pdf): PDF inc
lusion: found PDF version <1.6>, but at most version <1.5> allowed

Overfull \vbox (32.47269pt too high) detected at line 63
[128]
Overfull \vbox (32.47269pt too high) detected at line 63
[129 <./d.6-fac_results_3/pes.pdf>]
Overfull \vbox (32.47269pt too high) detected at line 63
[130]
Overfull \vbox (32.47269pt too high) detected at line 63
[131]
Overfull \vbox (32.47269pt too high) detected at line 63
[132 <./d.6-fac_results_3/newmsdphonons0.pdf>]
Overfull \vbox (32.47269pt too high) detected at line 63
[133 <./d.6-fac_results_3/ismsdmd.pdf>]
Overfull \vbox (32.47269pt too high) detected at line 63
[134]
Overfull \vbox (32.47269pt too high) detected at line 63
[135 <./d.6-fac_results_3/newmsdphonons1.pdf>])
(./e.1-acknowledgements/acknowledgements.tex
Overfull \vbox (9.40187pt too high) detected at line 39
[136 <./acknowledgements/index.jpg> <./acknowledgements/image912.png> <./d.6-fa
c_results_3/persistlowT3.png>]
Overfull \vbox (9.40187pt too high) detected at line 39
[137]
Overfull \vbox (9.40187pt too high) detected at line 39
[138]
Overfull \vbox (9.40187pt too high) detected at line 39
[139])

pdfTeX warning: pdflatex (file ./d.1-fac_intro/taubwithirrev.pdf): PDF inclusio
n: found PDF version <1.6>, but at most version <1.5> allowed

Overfull \vbox (46.65074pt too high) detected at line 218
[140]
Overfull \vbox (46.65074pt too high) detected at line 218
[141 <./d.6-fac_results_3/persistlowT.jpg>]
Overfull \vbox (46.65074pt too high) detected at line 218
[142]
Overfull \vbox (46.65074pt too high) detected at line 218
[143 <./d.1-fac_intro/taubwithirrev.pdf>]
Overfull \vbox (46.65074pt too high) detected at line 218
[144] (output/presentation.aux) )
(see the transcript file for additional information){/usr/local/texlive/2022/te
xmf-dist/fonts/enc/dvips/lm/lm-rm.enc}{/usr/local/texlive/2022/texmf-dist/fonts
/enc/dvips/lm/lm-mathsy.enc}{/usr/local/texlive/2022/texmf-dist/fonts/enc/dvips
/lm/lm-ec.enc}{/usr/local/texlive/2022/texmf-dist/fonts/enc/dvips/lm/lm-mathit.
enc}{/usr/local/texlive/2022/texmf-dist/fonts/enc/dvips/lm/lm-ts1.enc}{/usr/loc
al/texlive/2022/texmf-dist/fonts/enc/dvips/lm/lm-mathex.enc}</usr/local/texlive
/2022/texmf-dist/fonts/type1/public/amsfonts/cm/cmbx9.pfb></usr/local/texlive/2
022/texmf-dist/fonts/type1/public/amsfonts/cm/cmex10.pfb></usr/local/texlive/20
22/texmf-dist/fonts/type1/public/amsfonts/cm/cmmi10.pfb></usr/local/texlive/202
2/texmf-dist/fonts/type1/public/amsfonts/cm/cmmi12.pfb></usr/local/texlive/2022
/texmf-dist/fonts/type1/public/amsfonts/cm/cmr10.pfb></usr/local/texlive/2022/t
exmf-dist/fonts/type1/public/amsfonts/cm/cmr12.pfb></usr/local/texlive/2022/tex
mf-dist/fonts/type1/public/amsfonts/cm/cmr17.pfb></usr/local/texlive/2022/texmf
-dist/fonts/type1/public/amsfonts/cm/cmr8.pfb></usr/local/texlive/2022/texmf-di
st/fonts/type1/public/amsfonts/cm/cmsy10.pfb></usr/local/texlive/2022/texmf-dis
t/fonts/type1/public/lm/lmbx6.pfb></usr/local/texlive/2022/texmf-dist/fonts/typ
e1/public/lm/lmbx8.pfb></usr/local/texlive/2022/texmf-dist/fonts/type1/public/l
m/lmbx9.pfb></usr/local/texlive/2022/texmf-dist/fonts/type1/public/lm/lmex10.pf
b></usr/local/texlive/2022/texmf-dist/fonts/type1/public/lm/lmmi10.pfb></usr/lo
cal/texlive/2022/texmf-dist/fonts/type1/public/lm/lmmi5.pfb></usr/local/texlive
/2022/texmf-dist/fonts/type1/public/lm/lmmi6.pfb></usr/local/texlive/2022/texmf
-dist/fonts/type1/public/lm/lmmi7.pfb></usr/local/texlive/2022/texmf-dist/fonts
/type1/public/lm/lmmi8.pfb></usr/local/texlive/2022/texmf-dist/fonts/type1/publ
ic/lm/lmmi9.pfb></usr/local/texlive/2022/texmf-dist/fonts/type1/public/lm/lmr5.
pfb></usr/local/texlive/2022/texmf-dist/fonts/type1/public/lm/lmr6.pfb></usr/lo
cal/texlive/2022/texmf-dist/fonts/type1/public/lm/lmr7.pfb></usr/local/texlive/
2022/texmf-dist/fonts/type1/public/lm/lmr8.pfb></usr/local/texlive/2022/texmf-d
ist/fonts/type1/public/lm/lmr9.pfb></usr/local/texlive/2022/texmf-dist/fonts/ty
pe1/public/lm/lmss10.pfb></usr/local/texlive/2022/texmf-dist/fonts/type1/public
/lm/lmss8.pfb></usr/local/texlive/2022/texmf-dist/fonts/type1/public/lm/lmss9.p
fb></usr/local/texlive/2022/texmf-dist/fonts/type1/public/lm/lmssbx10.pfb></usr
/local/texlive/2022/texmf-dist/fonts/type1/public/lm/lmsso8.pfb></usr/local/tex
live/2022/texmf-dist/fonts/type1/public/lm/lmsso9.pfb></usr/local/texlive/2022/
texmf-dist/fonts/type1/public/lm/lmsy10.pfb></usr/local/texlive/2022/texmf-dist
/fonts/type1/public/lm/lmsy5.pfb></usr/local/texlive/2022/texmf-dist/fonts/type
1/public/lm/lmsy6.pfb></usr/local/texlive/2022/texmf-dist/fonts/type1/public/lm
/lmsy8.pfb></usr/local/texlive/2022/texmf-dist/fonts/type1/public/lm/lmsy9.pfb>
</usr/local/texlive/2022/texmf-dist/fonts/type1/public/lm/lmtt8.pfb></usr/local
/texlive/2022/texmf-dist/fonts/type1/urw/helvetic/uhvr8a.pfb>
Output written on output/presentation.pdf (144 pages, 151472294 bytes).
Transcript written on output/presentation.log.
